--- DNN job start ---
Node: damnii08.inf.ed.ac.uk
Cohort: 6survey
Max epochs: 500
Patience: 40
Split type: spatial_block
Seed: 44
Run name: dnn_noenv_seed44
===== 6survey (dnn_noenv_seed44, spatial_block) — FIT ONLY, no test-set evaluation =====
  Using device: cuda
  Rows before filtering: 83,382
  Removed by Age < 30 at the 2023 survey (whole plot dropped): 768 rows
  Removed by yield class between 2 and 50: 0 rows
  Rows after filtering: 82,614
  Buffer: 565 train plots are within 60 m of a val/test plot and are excluded ('buffer'). val/test plots are never removed.
  ----- Pre-training diagnostic: 6survey -----
  Training plots (unique identification): 7,280
  Test plots (unique identification): 2,781
  Training plots with at least one usable trajectory pair: 7,280
  annual_height99_increment across training pairs: mean=0.6070 m/yr, std=0.5635 m/yr
  Training rows by survey year:
    2002: 7,280 rows
    2006: 7,280 rows
    2008: 7,280 rows
    2012: 7,280 rows
    2021: 7,280 rows
    2023: 7,280 rows

  epoch 1/500  train_loss=0.7889  val_loss=0.4146  val_loss_smoothed=0.4146  learning_rate=0.000100 (new best)
  epoch 10/500  train_loss=0.2479  val_loss=0.1994  val_loss_smoothed=0.2010  learning_rate=0.000100 (new best)
  epoch 20/500  train_loss=0.2370  val_loss=0.2056  val_loss_smoothed=0.2041  learning_rate=0.000100
  epoch 30/500  train_loss=0.2312  val_loss=0.2155  val_loss_smoothed=0.2120  learning_rate=0.000080
  epoch 40/500  train_loss=0.2268  val_loss=0.2198  val_loss_smoothed=0.2167  learning_rate=0.000080
  epoch 50/500  train_loss=0.2235  val_loss=0.2184  val_loss_smoothed=0.2217  learning_rate=0.000064
  Early stopping at epoch 50 (no val_loss improvement for 40 epochs).
  Trained for 50 epochs in 15.5s. best_val_loss=0.201047  final_val_loss=0.218391
  Saved checkpoint + scalers + history -> /home/s2887183/forest_diss/outputs/spatial_block/dnn_noenv_seed44/6survey
  Next step: python -m models.dnn_noenv.evaluate_dnn_noenv --cohort 6survey --split-type spatial_block --run-name dnn_noenv_seed44

===== Summary: best validation loss reached =====
  6survey: best_val_loss=0.201047
--- DNN job end ---
