--- DNN job start ---
Node: damnii08.inf.ed.ac.uk
Cohort: 6survey
Max epochs: 500
Patience: 40
Split type: temporal
Seed: 44
Run name: dnn_noenv_seed44
===== 6survey (dnn_noenv_seed44, temporal) — FIT ONLY, no test-set evaluation =====
  Using device: cuda
  Rows before filtering: 83,382
  Removed by Age < 30 at the 2023 survey (whole plot dropped): 768 rows
  Removed by yield class between 2 and 50: 0 rows
  Rows after filtering: 82,614
  ----- Pre-training diagnostic: 6survey -----
  Training plots (unique identification): 13,769
  Test plots (unique identification): 13,769
  Training plots with at least one usable trajectory pair: 13,769
  annual_height99_increment across training pairs: mean=0.5523 m/yr, std=0.3664 m/yr
  Training rows by survey year:
    2002: 13,769 rows
    2006: 13,769 rows
    2008: 13,769 rows
    2012: 13,769 rows

  epoch 1/500  train_loss=0.7350  val_loss=0.9692  val_loss_smoothed=0.9692  learning_rate=0.000100 (new best)
  epoch 10/500  train_loss=0.2992  val_loss=0.5719  val_loss_smoothed=0.5833  learning_rate=0.000100 (new best)
  epoch 20/500  train_loss=0.2923  val_loss=0.5232  val_loss_smoothed=0.5331  learning_rate=0.000100 (new best)
  epoch 30/500  train_loss=0.2881  val_loss=0.5481  val_loss_smoothed=0.5304  learning_rate=0.000100
  epoch 40/500  train_loss=0.2849  val_loss=0.5204  val_loss_smoothed=0.5171  learning_rate=0.000100 (new best)
  epoch 50/500  train_loss=0.2825  val_loss=0.5125  val_loss_smoothed=0.5188  learning_rate=0.000100
  epoch 60/500  train_loss=0.2810  val_loss=0.5269  val_loss_smoothed=0.5135  learning_rate=0.000100
  epoch 70/500  train_loss=0.2798  val_loss=0.5062  val_loss_smoothed=0.5164  learning_rate=0.000080
  epoch 80/500  train_loss=0.2781  val_loss=0.5071  val_loss_smoothed=0.5120  learning_rate=0.000080
  epoch 90/500  train_loss=0.2777  val_loss=0.5195  val_loss_smoothed=0.5119  learning_rate=0.000064
  Early stopping at epoch 96 (no val_loss improvement for 40 epochs).
  Trained for 96 epochs in 36.3s. best_val_loss=0.506616  final_val_loss=0.506325
  Saved checkpoint + scalers + history -> /home/s2887183/forest_diss/outputs/temporal/dnn_noenv_seed44/6survey
  Next step: python -m models.dnn_noenv.evaluate_dnn_noenv --cohort 6survey --split-type temporal --run-name dnn_noenv_seed44

===== Summary: best validation loss reached =====
  6survey: best_val_loss=0.506616
--- DNN job end ---
