--- DNN job start ---
Node: damnii11.inf.ed.ac.uk
Cohort: 6survey
Max epochs: 500
Patience: 40
Split type: temporal
===== 6survey (dnn_noenv, temporal) — FIT ONLY, no test-set evaluation =====
  Using device: cpu
  Rows before filtering: 83,382
  Removed by Age < 30 at the 2023 survey (whole plot dropped): 768 rows
  Removed by yield class between 2 and 50: 0 rows
  Rows after filtering: 82,614
  ----- Pre-training diagnostic: 6survey -----
  Training plots (unique identification): 13,769
  Test plots (unique identification): 13,769
  Training plots with at least one usable trajectory pair: 13,769
  annual_height99_increment across training pairs: mean=0.5523 m/yr, std=0.3664 m/yr
  Training rows by survey year:
    2002: 13,769 rows
    2006: 13,769 rows
    2008: 13,769 rows
    2012: 13,769 rows

  epoch 1/500  train_loss=0.7480  val_loss=0.8731  val_loss_smoothed=0.8731  learning_rate=0.000100 (new best)
  epoch 10/500  train_loss=0.3006  val_loss=0.5195  val_loss_smoothed=0.5251  learning_rate=0.000100 (new best)
  epoch 20/500  train_loss=0.2921  val_loss=0.5108  val_loss_smoothed=0.5147  learning_rate=0.000100
  epoch 30/500  train_loss=0.2864  val_loss=0.5037  val_loss_smoothed=0.4995  learning_rate=0.000100 (new best)
  epoch 40/500  train_loss=0.2829  val_loss=0.5038  val_loss_smoothed=0.4982  learning_rate=0.000100
  epoch 50/500  train_loss=0.2805  val_loss=0.4910  val_loss_smoothed=0.4963  learning_rate=0.000080
  epoch 60/500  train_loss=0.2795  val_loss=0.4902  val_loss_smoothed=0.4922  learning_rate=0.000080
  epoch 70/500  train_loss=0.2787  val_loss=0.4896  val_loss_smoothed=0.4938  learning_rate=0.000064
  epoch 80/500  train_loss=0.2775  val_loss=0.4910  val_loss_smoothed=0.4930  learning_rate=0.000051
  epoch 90/500  train_loss=0.2768  val_loss=0.4967  val_loss_smoothed=0.4978  learning_rate=0.000051
  epoch 100/500  train_loss=0.2766  val_loss=0.4970  val_loss_smoothed=0.4969  learning_rate=0.000041
  Early stopping at epoch 105 (no val_loss improvement for 40 epochs).
  Trained for 105 epochs in 255.8s. best_val_loss=0.489514  final_val_loss=0.498621
  Saved checkpoint + scalers + history -> /home/s2887183/forest_diss/outputs/temporal/dnn_noenv/6survey
  Next step: python -m models.dnn_noenv.evaluate_dnn_noenv --cohort 6survey --split-type temporal

===== Summary: best validation loss reached =====
  6survey: best_val_loss=0.489514
--- DNN job end ---
