--- DNN job start ---
Node: damnii07.inf.ed.ac.uk
Cohort: 4survey
Max epochs: 500
Patience: 40
Split type: temporal
Seed: 43
Run name: dnn_noenv_seed43
===== 4survey (dnn_noenv_seed43, temporal) — FIT ONLY, no test-set evaluation =====
  Using device: cuda
  Rows before filtering: 287,064
  Removed by Age < 30 at the 2023 survey (whole plot dropped): 54,616 rows
  Removed by yield class between 2 and 50: 0 rows
  Rows after filtering: 232,448
  ----- Pre-training diagnostic: 4survey -----
  Training plots (unique identification): 58,112
  Test plots (unique identification): 58,112
  Training plots with at least one usable trajectory pair: 58,112
  annual_height99_increment across training pairs: mean=0.5872 m/yr, std=0.3998 m/yr
  Training rows by survey year:
    2008: 58,112 rows
    2012: 58,112 rows

  epoch 1/500  train_loss=0.5335  val_loss=0.5460  val_loss_smoothed=0.5460  learning_rate=0.000100 (new best)
  epoch 10/500  train_loss=0.2791  val_loss=0.5368  val_loss_smoothed=0.5319  learning_rate=0.000100
  epoch 20/500  train_loss=0.2705  val_loss=0.5767  val_loss_smoothed=0.5668  learning_rate=0.000080
  epoch 30/500  train_loss=0.2665  val_loss=0.5952  val_loss_smoothed=0.5868  learning_rate=0.000080
  epoch 40/500  train_loss=0.2638  val_loss=0.5940  val_loss_smoothed=0.5958  learning_rate=0.000064
  Early stopping at epoch 46 (no val_loss improvement for 40 epochs).
  Trained for 46 epochs in 66.0s. best_val_loss=0.519697  final_val_loss=0.603075
  Saved checkpoint + scalers + history -> /home/s2887183/forest_diss/outputs/temporal/dnn_noenv_seed43/4survey
  Next step: python -m models.dnn_noenv.evaluate_dnn_noenv --cohort 4survey --split-type temporal --run-name dnn_noenv_seed43

===== Summary: best validation loss reached =====
  4survey: best_val_loss=0.519697
--- DNN job end ---
