--- DNN job start ---
Node: damnii08.inf.ed.ac.uk
Cohort: 4survey
Max epochs: 500
Patience: 40
Split type: temporal
Seed: 44
Run name: dnn_noenv_seed44
===== 4survey (dnn_noenv_seed44, temporal) — FIT ONLY, no test-set evaluation =====
  Using device: cuda
  Rows before filtering: 287,064
  Removed by Age < 30 at the 2023 survey (whole plot dropped): 54,616 rows
  Removed by yield class between 2 and 50: 0 rows
  Rows after filtering: 232,448
  ----- Pre-training diagnostic: 4survey -----
  Training plots (unique identification): 58,112
  Test plots (unique identification): 58,112
  Training plots with at least one usable trajectory pair: 58,112
  annual_height99_increment across training pairs: mean=0.5872 m/yr, std=0.3998 m/yr
  Training rows by survey year:
    2008: 58,112 rows
    2012: 58,112 rows

  epoch 1/500  train_loss=0.5204  val_loss=0.5401  val_loss_smoothed=0.5401  learning_rate=0.000100 (new best)
  epoch 10/500  train_loss=0.2791  val_loss=0.5324  val_loss_smoothed=0.5310  learning_rate=0.000100
  epoch 20/500  train_loss=0.2712  val_loss=0.5614  val_loss_smoothed=0.5557  learning_rate=0.000080
  epoch 30/500  train_loss=0.2676  val_loss=0.5711  val_loss_smoothed=0.5687  learning_rate=0.000080
  epoch 40/500  train_loss=0.2651  val_loss=0.5899  val_loss_smoothed=0.5820  learning_rate=0.000064
  Early stopping at epoch 46 (no val_loss improvement for 40 epochs).
  Trained for 46 epochs in 35.9s. best_val_loss=0.520426  final_val_loss=0.592634
  Saved checkpoint + scalers + history -> /home/s2887183/forest_diss/outputs/temporal/dnn_noenv_seed44/4survey
  Next step: python -m models.dnn_noenv.evaluate_dnn_noenv --cohort 4survey --split-type temporal --run-name dnn_noenv_seed44

===== Summary: best validation loss reached =====
  4survey: best_val_loss=0.520426
--- DNN job end ---
