--- DNN job start ---
Node: damnii08.inf.ed.ac.uk
Cohort: 6survey
Max epochs: 500
Patience: 40
Split type: temporal_narrow_gap
Seed: 42
Run name: (none, uses default dnn_noenv path)
===== 6survey (dnn_noenv, temporal_narrow_gap) — FIT ONLY, no test-set evaluation =====
  Using device: cuda
  Rows before filtering: 83,382
  Removed by Age < 30 at the 2023 survey (whole plot dropped): 768 rows
  Removed by yield class between 2 and 50: 0 rows
  Rows after filtering: 82,614
  ----- Pre-training diagnostic: 6survey -----
  Training plots (unique identification): 13,769
  Test plots (unique identification): 13,769
  Training plots with at least one usable trajectory pair: 13,769
  annual_height99_increment across training pairs: mean=0.6038 m/yr, std=0.3624 m/yr
  Training rows by survey year:
    2006: 13,769 rows
    2008: 13,769 rows
    2012: 13,769 rows
    2021: 13,769 rows

  epoch 1/500  train_loss=0.7332  val_loss=0.4122  val_loss_smoothed=0.4122  learning_rate=0.000100 (new best)
  epoch 10/500  train_loss=0.2647  val_loss=0.2595  val_loss_smoothed=0.2606  learning_rate=0.000100
  epoch 20/500  train_loss=0.2574  val_loss=0.2533  val_loss_smoothed=0.2580  learning_rate=0.000100
  epoch 30/500  train_loss=0.2525  val_loss=0.2572  val_loss_smoothed=0.2566  learning_rate=0.000100
  epoch 40/500  train_loss=0.2493  val_loss=0.2512  val_loss_smoothed=0.2517  learning_rate=0.000100 (new best)
  epoch 50/500  train_loss=0.2471  val_loss=0.2512  val_loss_smoothed=0.2522  learning_rate=0.000100
  epoch 60/500  train_loss=0.2452  val_loss=0.2516  val_loss_smoothed=0.2535  learning_rate=0.000080
  epoch 70/500  train_loss=0.2438  val_loss=0.2555  val_loss_smoothed=0.2535  learning_rate=0.000080
  epoch 80/500  train_loss=0.2427  val_loss=0.2541  val_loss_smoothed=0.2538  learning_rate=0.000064
  Early stopping at epoch 82 (no val_loss improvement for 40 epochs).
  Trained for 82 epochs in 41.0s. best_val_loss=0.250566  final_val_loss=0.256887
  Saved checkpoint + scalers + history -> /home/s2887183/forest_diss/outputs/temporal_narrow_gap/dnn_noenv/6survey
  Next step: python -m models.dnn_noenv.evaluate_dnn_noenv --cohort 6survey --split-type temporal_narrow_gap

===== Summary: best validation loss reached =====
  6survey: best_val_loss=0.250566
--- DNN job end ---
