--- Baseline fit job start ---
Node: opencast.inf.ed.ac.uk
Split type: plot_level
===== 4survey (plot_level) =====
  Rows before filtering: 287,064
  Removed by Age < 30 at the 2023 survey (whole plot dropped): 54,616 rows
  Removed by yield class between 2 and 50: 0 rows
  Rows after filtering: 232,448
  Saved split assignment -> /home/s2887183/forest_diss/outputs/splits/4survey/split_assignment.csv
  test rows: 46,488
  train rows: 139,472
  val rows: 46,488
  Chapman-Richards params saved -> /home/s2887183/forest_diss/outputs/chapman_richards/4survey/params.json
  Average-by-age lookup saved -> /home/s2887183/forest_diss/outputs/average_by_age/4survey/lookup.json
  Rows before filtering: 287,064
  Removed by Age < 30 at the 2023 survey (whole plot dropped): 54,616 rows
  Removed by yield class between 2 and 50: 0 rows
  Rows after filtering: 232,448
  Linear baseline params saved -> /home/s2887183/forest_diss/outputs/linear_baseline/4survey/params.json
  Rows before filtering: 287,064
  Removed by Age < 30 at the 2023 survey (whole plot dropped): 54,616 rows
  Removed by yield class between 2 and 50: 0 rows
  Rows after filtering: 232,448
  RF baseline model saved -> /home/s2887183/forest_diss/outputs/rf_baseline/4survey/model.joblib

===== 6survey (plot_level) =====
  Rows before filtering: 83,382
  Removed by Age < 30 at the 2023 survey (whole plot dropped): 768 rows
  Removed by yield class between 2 and 50: 0 rows
  Rows after filtering: 82,614
  Saved split assignment -> /home/s2887183/forest_diss/outputs/splits/6survey/split_assignment.csv
  test rows: 16,518
  train rows: 49,578
  val rows: 16,518
  Chapman-Richards params saved -> /home/s2887183/forest_diss/outputs/chapman_richards/6survey/params.json
  Average-by-age lookup saved -> /home/s2887183/forest_diss/outputs/average_by_age/6survey/lookup.json
  Rows before filtering: 83,382
  Removed by Age < 30 at the 2023 survey (whole plot dropped): 768 rows
  Removed by yield class between 2 and 50: 0 rows
  Rows after filtering: 82,614
  Linear baseline params saved -> /home/s2887183/forest_diss/outputs/linear_baseline/6survey/params.json
  Rows before filtering: 83,382
  Removed by Age < 30 at the 2023 survey (whole plot dropped): 768 rows
  Removed by yield class between 2 and 50: 0 rows
  Rows after filtering: 82,614
  RF baseline model saved -> /home/s2887183/forest_diss/outputs/rf_baseline/6survey/model.joblib

===== Chapman-Richards: fitted params vs prior dissertation =====
cohort               y_max               k               p
prior          46.11260000      0.01866979      1.01750000
4survey        53.49091700      0.01099022      0.85884764
6survey        46.51319100      0.02373657      1.16263432

===== Average-by-age: lookup table summary =====
4survey:
  Ages covered: 15 to 94 (80 distinct ages)
  Fallback mean height (used for ages not seen in training): 21.82294060 m
6survey:
  Ages covered: 9 to 90 (68 distinct ages)
  Fallback mean height (used for ages not seen in training): 21.43870372 m

--- Baseline fit job end ---
