--- DNN job start ---
Node: opencast.inf.ed.ac.uk
Cohort: 6survey
Max epochs: 500
Patience: 20
===== 6survey (dnn_noenv) — FIT ONLY, no test-set evaluation =====
  Using device: cuda
  Rows before filtering: 83,382
  Removed by Age < 30 at the 2023 survey (whole plot dropped): 768 rows
  Removed by yield class between 2 and 50: 0 rows
  Rows after filtering: 82,614
  ----- Pre-training diagnostic: 6survey -----
  Training plots (unique identification): 13,769
  Test plots (unique identification): 13,769
  Training plots with at least one usable trajectory pair: 13,769
  annual_height99_increment across training pairs: mean=0.5523 m/yr, std=0.3664 m/yr
  Training rows by survey year:
    2002: 13,769 rows
    2006: 13,769 rows
    2008: 13,769 rows
    2012: 13,769 rows

  epoch 1/500  train_loss=0.4450  val_loss=0.6549  learning_rate=0.000100 (new best)
  epoch 10/500  train_loss=0.2923  val_loss=0.5178  learning_rate=0.000100 (new best)
  epoch 20/500  train_loss=0.2837  val_loss=0.5153  learning_rate=0.000100
  epoch 30/500  train_loss=0.2800  val_loss=0.5021  learning_rate=0.000100
  epoch 40/500  train_loss=0.2786  val_loss=0.4921  learning_rate=0.000100
  epoch 50/500  train_loss=0.2769  val_loss=0.4941  learning_rate=0.000080
  Early stopping at epoch 54 (no val_loss improvement for 20 epochs).
  Trained for 54 epochs in 164.7s. best_val_loss=0.479597  final_val_loss=0.491798
  Saved checkpoint + scalers + history -> /home/s2887183/forest_diss/outputs/dnn_noenv/6survey
  Next step: python -m models.dnn_noenv.evaluate_dnn_noenv --cohort 6survey

===== Summary: best validation loss reached =====
  6survey: best_val_loss=0.479597
--- DNN job end ---
