--- DNN job start ---
Node: damnii07.inf.ed.ac.uk
Cohort: 4survey
Max epochs: 500
Patience: 20
===== 4survey (dnn_noenv) — FIT ONLY, no test-set evaluation =====
  Using device: cuda
  Rows before filtering: 287,064
  Removed by Age < 30 at the 2023 survey (whole plot dropped): 54,616 rows
  Removed by yield class between 2 and 50: 0 rows
  Rows after filtering: 232,448
  ----- Pre-training diagnostic: 4survey -----
  Training plots (unique identification): 58,112
  Test plots (unique identification): 58,112
  Training plots with at least one usable trajectory pair: 58,112
  annual_height99_increment across training pairs: mean=0.5872 m/yr, std=0.3998 m/yr
  Training rows by survey year:
    2008: 58,112 rows
    2012: 58,112 rows

  epoch 1/500  train_loss=0.3693  val_loss=0.5146  learning_rate=0.000100 (new best)
  epoch 10/500  train_loss=0.2710  val_loss=0.5664  learning_rate=0.000100
  epoch 20/500  train_loss=0.2631  val_loss=0.6118  learning_rate=0.000080
  Early stopping at epoch 21 (no val_loss improvement for 20 epochs).
  Trained for 21 epochs in 95.5s. best_val_loss=0.514586  final_val_loss=0.611391
  Saved checkpoint + scalers + history -> /home/s2887183/forest_diss/outputs/dnn_noenv/4survey
  Next step: python -m models.dnn_noenv.evaluate_dnn_noenv --cohort 4survey

===== Summary: best validation loss reached =====
  4survey: best_val_loss=0.514586
--- DNN job end ---
