--- PINN job start ---
Node: damnii08.inf.ed.ac.uk
Cohort: 6survey
Max epochs: 500
Patience: 40
Split type: spatial_block
Physics weight: 0.0
Trajectory weight: 0.0
Run name: pinn_noenv_pw0.0_tw0.0_seed44
Seed: 44
===== 6survey (pinn_noenv_pw0.0_tw0.0_seed44, spatial_block) — FIT ONLY, no test-set evaluation =====
  Using device: cuda
  Frozen CR params: y_max=46.5132, k=0.023737, p=1.162634
  Rows before filtering: 83,382
  Removed by Age < 30 at the 2023 survey (whole plot dropped): 768 rows
  Removed by yield class between 2 and 50: 0 rows
  Rows after filtering: 82,614
  Buffer: 565 train plots are within 60 m of a val/test plot and are excluded ('buffer'). val/test plots are never removed.
  ----- Pre-training diagnostic: 6survey -----
  Training plots (unique identification): 7,280
  Test plots (unique identification): 2,781
  Training plots with at least one usable trajectory pair: 7,280
  annual_height99_increment across training pairs: mean=0.6070 m/yr, std=0.5635 m/yr
  Training rows by survey year:
    2002: 7,280 rows
    2006: 7,280 rows
    2008: 7,280 rows
    2012: 7,280 rows
    2021: 7,280 rows
    2023: 7,280 rows

  epoch 1/500  data_loss=0.4336  physics_loss=0.0950  trajectory_loss=0.1652  val_loss=0.2052  val_loss_smoothed=0.2052  learning_rate=0.000100 (new best)
  epoch 10/500  data_loss=0.2367  physics_loss=0.0299  trajectory_loss=0.1701  val_loss=0.2072  val_loss_smoothed=0.2025  learning_rate=0.000100
  epoch 20/500  data_loss=0.2270  physics_loss=0.0442  trajectory_loss=0.1973  val_loss=0.2217  val_loss_smoothed=0.2208  learning_rate=0.000100
  epoch 30/500  data_loss=0.2222  physics_loss=0.0555  trajectory_loss=0.2089  val_loss=0.2283  val_loss_smoothed=0.2279  learning_rate=0.000080
  epoch 40/500  data_loss=0.2180  physics_loss=0.0639  trajectory_loss=0.2106  val_loss=0.2393  val_loss_smoothed=0.2332  learning_rate=0.000064
  Early stopping at epoch 48 (no val_loss improvement for 40 epochs).
  Trained for 48 epochs in 117.5s. best_val_loss=0.200867  final: data_loss=0.216293  physics_loss=0.069845  trajectory_loss=0.208742
  Saved checkpoint + scalers + history -> /home/s2887183/forest_diss/outputs/spatial_block/pinn_noenv_pw0.0_tw0.0_seed44/6survey
  Next step: python -m models.pinn_noenv.evaluate_pinn_noenv --cohort 6survey --split-type spatial_block --run-name pinn_noenv_pw0.0_tw0.0_seed44

===== Summary: best validation loss reached =====
  6survey: best_val_loss=0.200867
--- PINN job end ---
