--- PINN job start ---
Node: landonia11.inf.ed.ac.uk
Cohort: 6survey
Max epochs: 500
Patience: 40
Split type: temporal
Physics weight: 0.0
Trajectory weight: 0.0
Run name: pinn_noenv_pw0.0_tw0.0
===== 6survey (pinn_noenv_pw0.0_tw0.0, temporal) — FIT ONLY, no test-set evaluation =====
  Using device: cuda
  Frozen CR params: y_max=46.5132, k=0.023737, p=1.162634
  Rows before filtering: 83,382
  Removed by Age < 30 at the 2023 survey (whole plot dropped): 768 rows
  Removed by yield class between 2 and 50: 0 rows
  Rows after filtering: 82,614
  ----- Pre-training diagnostic: 6survey -----
  Training plots (unique identification): 13,769
  Test plots (unique identification): 13,769
  Training plots with at least one usable trajectory pair: 13,769
  annual_height99_increment across training pairs: mean=0.5523 m/yr, std=0.3664 m/yr
  Training rows by survey year:
    2002: 13,769 rows
    2006: 13,769 rows
    2008: 13,769 rows
    2012: 13,769 rows

  epoch 1/500  data_loss=0.4451  physics_loss=0.0954  trajectory_loss=0.1064  val_loss=0.6552  val_loss_smoothed=0.6552  learning_rate=0.000100 (new best)
  epoch 10/500  data_loss=0.2921  physics_loss=0.0354  trajectory_loss=0.0693  val_loss=0.5168  val_loss_smoothed=0.5149  learning_rate=0.000100 (new best)
  epoch 20/500  data_loss=0.2835  physics_loss=0.0455  trajectory_loss=0.0777  val_loss=0.5056  val_loss_smoothed=0.5064  learning_rate=0.000100 (new best)
  epoch 30/500  data_loss=0.2806  physics_loss=0.0538  trajectory_loss=0.0855  val_loss=0.4881  val_loss_smoothed=0.4974  learning_rate=0.000100 (new best)
  epoch 40/500  data_loss=0.2784  physics_loss=0.0589  trajectory_loss=0.0873  val_loss=0.4895  val_loss_smoothed=0.4931  learning_rate=0.000100 (new best)
  epoch 50/500  data_loss=0.2772  physics_loss=0.0635  trajectory_loss=0.0913  val_loss=0.4917  val_loss_smoothed=0.4899  learning_rate=0.000100
  epoch 60/500  data_loss=0.2761  physics_loss=0.0679  trajectory_loss=0.0930  val_loss=0.4941  val_loss_smoothed=0.4957  learning_rate=0.000100
  epoch 70/500  data_loss=0.2752  physics_loss=0.0709  trajectory_loss=0.0954  val_loss=0.4903  val_loss_smoothed=0.4904  learning_rate=0.000080
  epoch 80/500  data_loss=0.2744  physics_loss=0.0743  trajectory_loss=0.0974  val_loss=0.4965  val_loss_smoothed=0.4952  learning_rate=0.000080
  epoch 90/500  data_loss=0.2737  physics_loss=0.0763  trajectory_loss=0.0992  val_loss=0.4883  val_loss_smoothed=0.4900  learning_rate=0.000064
  Early stopping at epoch 91 (no val_loss improvement for 40 epochs).
  Trained for 91 epochs in 513.2s. best_val_loss=0.488908  final: data_loss=0.273828  physics_loss=0.077123  trajectory_loss=0.097825
  Saved checkpoint + scalers + history -> /home/s2887183/forest_diss/outputs/temporal/pinn_noenv_pw0.0_tw0.0/6survey
  Next step: python -m models.pinn_noenv.evaluate_pinn_noenv --cohort 6survey --split-type temporal --run-name pinn_noenv_pw0.0_tw0.0

===== Summary: best validation loss reached =====
  6survey: best_val_loss=0.488908
--- PINN job end ---
