--- PINN job start ---
Node: damnii08.inf.ed.ac.uk
Cohort: 4survey
Max epochs: 500
Patience: 40
Split type: spatial_block
Physics weight: 5.0
Trajectory weight: 5.0
Run name: pinn_noenv_pw5_tw5
===== 4survey (pinn_noenv_pw5_tw5, spatial_block) — FIT ONLY, no test-set evaluation =====
  Using device: cuda
  Frozen CR params: y_max=53.4909, k=0.010990, p=0.858848
  Rows before filtering: 287,064
  Removed by Age < 30 at the 2023 survey (whole plot dropped): 54,616 rows
  Removed by yield class between 2 and 50: 0 rows
  Rows after filtering: 232,448
  Buffer: 2,179 train plots are within 60 m of a val/test plot and are excluded ('buffer'). val/test plots are never removed.
  ----- Pre-training diagnostic: 4survey -----
  Training plots (unique identification): 32,425
  Test plots (unique identification): 11,743
  Training plots with at least one usable trajectory pair: 32,425
  annual_height99_increment across training pairs: mean=0.5214 m/yr, std=0.7591 m/yr
  Training rows by survey year:
    2008: 32,425 rows
    2012: 32,425 rows
    2021: 32,425 rows
    2023: 32,425 rows

  epoch 1/500  data_loss=0.4609  physics_loss=0.0117  trajectory_loss=0.0127  val_loss=0.3980  val_loss_smoothed=0.3980  learning_rate=0.000100 (new best)
  epoch 10/500  data_loss=0.3971  physics_loss=0.0012  trajectory_loss=0.0032  val_loss=0.4060  val_loss_smoothed=0.3960  learning_rate=0.000100
  epoch 20/500  data_loss=0.3915  physics_loss=0.0012  trajectory_loss=0.0032  val_loss=0.3961  val_loss_smoothed=0.4014  learning_rate=0.000100
  epoch 30/500  data_loss=0.3897  physics_loss=0.0012  trajectory_loss=0.0032  val_loss=0.4047  val_loss_smoothed=0.4037  learning_rate=0.000080
  epoch 40/500  data_loss=0.3888  physics_loss=0.0012  trajectory_loss=0.0032  val_loss=0.3945  val_loss_smoothed=0.3985  learning_rate=0.000064
  Early stopping at epoch 42 (no val_loss improvement for 40 epochs).
  Trained for 42 epochs in 315.4s. best_val_loss=0.394974  final: data_loss=0.388486  physics_loss=0.001250  trajectory_loss=0.003153
  Saved checkpoint + scalers + history -> /home/s2887183/forest_diss/outputs/spatial_block/pinn_noenv_pw5_tw5/4survey
  Next step: python -m models.pinn_noenv.evaluate_pinn_noenv --cohort 4survey --split-type spatial_block --run-name pinn_noenv_pw5_tw5

===== Summary: best validation loss reached =====
  4survey: best_val_loss=0.394974
--- PINN job end ---
