--- PINN job start ---
Node: damnii08.inf.ed.ac.uk
Cohort: 4survey
Max epochs: 500
Patience: 40
Split type: spatial_block
Physics weight: 0.1
Trajectory weight: 0.1
Run name: pinn_noenv_pw0.1_tw0.1_seed43
Seed: 43
===== 4survey (pinn_noenv_pw0.1_tw0.1_seed43, spatial_block) — FIT ONLY, no test-set evaluation =====
  Using device: cuda
  Frozen CR params: y_max=53.4909, k=0.010990, p=0.858848
  Rows before filtering: 287,064
  Removed by Age < 30 at the 2023 survey (whole plot dropped): 54,616 rows
  Removed by yield class between 2 and 50: 0 rows
  Rows after filtering: 232,448
  Buffer: 2,179 train plots are within 60 m of a val/test plot and are excluded ('buffer'). val/test plots are never removed.
  ----- Pre-training diagnostic: 4survey -----
  Training plots (unique identification): 32,425
  Test plots (unique identification): 11,743
  Training plots with at least one usable trajectory pair: 32,425
  annual_height99_increment across training pairs: mean=0.5214 m/yr, std=0.7591 m/yr
  Training rows by survey year:
    2008: 32,425 rows
    2012: 32,425 rows
    2021: 32,425 rows
    2023: 32,425 rows

  epoch 1/500  data_loss=0.3838  physics_loss=0.0221  trajectory_loss=0.1434  val_loss=0.3042  val_loss_smoothed=0.3042  learning_rate=0.000100 (new best)
  epoch 10/500  data_loss=0.3026  physics_loss=0.0215  trajectory_loss=0.1501  val_loss=0.2975  val_loss_smoothed=0.2956  learning_rate=0.000100
  epoch 20/500  data_loss=0.2960  physics_loss=0.0279  trajectory_loss=0.1492  val_loss=0.3055  val_loss_smoothed=0.3026  learning_rate=0.000100
  epoch 30/500  data_loss=0.2923  physics_loss=0.0316  trajectory_loss=0.1487  val_loss=0.2946  val_loss_smoothed=0.2959  learning_rate=0.000080
  epoch 40/500  data_loss=0.2900  physics_loss=0.0344  trajectory_loss=0.1484  val_loss=0.3010  val_loss_smoothed=0.3026  learning_rate=0.000064
  Early stopping at epoch 46 (no val_loss improvement for 40 epochs).
  Trained for 46 epochs in 323.1s. best_val_loss=0.294145  final: data_loss=0.288890  physics_loss=0.035980  trajectory_loss=0.149510
  Saved checkpoint + scalers + history -> /home/s2887183/forest_diss/outputs/spatial_block/pinn_noenv_pw0.1_tw0.1_seed43/4survey
  Next step: python -m models.pinn_noenv.evaluate_pinn_noenv --cohort 4survey --split-type spatial_block --run-name pinn_noenv_pw0.1_tw0.1_seed43

===== Summary: best validation loss reached =====
  4survey: best_val_loss=0.294145
--- PINN job end ---
