--- PINN job start ---
Node: damnii09.inf.ed.ac.uk
Cohort: 6survey
Max epochs: 500
Patience: 40
Split type: temporal
Physics weight: 0.1
Trajectory weight: 0.1
Run name: pinn_noenv_pw0.1_tw0.1
===== 6survey (pinn_noenv_pw0.1_tw0.1, temporal) — FIT ONLY, no test-set evaluation =====
  Using device: cuda
  Frozen CR params: y_max=46.5132, k=0.023737, p=1.162634
  Rows before filtering: 83,382
  Removed by Age < 30 at the 2023 survey (whole plot dropped): 768 rows
  Removed by yield class between 2 and 50: 0 rows
  Rows after filtering: 82,614
  ----- Pre-training diagnostic: 6survey -----
  Training plots (unique identification): 13,769
  Test plots (unique identification): 13,769
  Training plots with at least one usable trajectory pair: 13,769
  annual_height99_increment across training pairs: mean=0.5523 m/yr, std=0.3664 m/yr
  Training rows by survey year:
    2002: 13,769 rows
    2006: 13,769 rows
    2008: 13,769 rows
    2012: 13,769 rows

  epoch 1/500  data_loss=0.4429  physics_loss=0.0900  trajectory_loss=0.0948  val_loss=0.6457  val_loss_smoothed=0.6457  learning_rate=0.000100 (new best)
  epoch 10/500  data_loss=0.2940  physics_loss=0.0203  trajectory_loss=0.0341  val_loss=0.5162  val_loss_smoothed=0.5221  learning_rate=0.000100 (new best)
  epoch 20/500  data_loss=0.2864  physics_loss=0.0225  trajectory_loss=0.0382  val_loss=0.4998  val_loss_smoothed=0.5006  learning_rate=0.000100 (new best)
  epoch 30/500  data_loss=0.2837  physics_loss=0.0234  trajectory_loss=0.0404  val_loss=0.4859  val_loss_smoothed=0.4942  learning_rate=0.000100 (new best)
  epoch 40/500  data_loss=0.2816  physics_loss=0.0252  trajectory_loss=0.0409  val_loss=0.4880  val_loss_smoothed=0.4914  learning_rate=0.000100 (new best)
  epoch 50/500  data_loss=0.2810  physics_loss=0.0246  trajectory_loss=0.0409  val_loss=0.4888  val_loss_smoothed=0.4876  learning_rate=0.000100
  epoch 60/500  data_loss=0.2800  physics_loss=0.0245  trajectory_loss=0.0411  val_loss=0.4933  val_loss_smoothed=0.4900  learning_rate=0.000100
  epoch 70/500  data_loss=0.2795  physics_loss=0.0243  trajectory_loss=0.0410  val_loss=0.4814  val_loss_smoothed=0.4819  learning_rate=0.000080
  epoch 80/500  data_loss=0.2790  physics_loss=0.0241  trajectory_loss=0.0411  val_loss=0.4911  val_loss_smoothed=0.4855  learning_rate=0.000080
  epoch 90/500  data_loss=0.2784  physics_loss=0.0244  trajectory_loss=0.0415  val_loss=0.4787  val_loss_smoothed=0.4810  learning_rate=0.000064 (new best)
  epoch 100/500  data_loss=0.2784  physics_loss=0.0243  trajectory_loss=0.0412  val_loss=0.4834  val_loss_smoothed=0.4808  learning_rate=0.000064
  epoch 110/500  data_loss=0.2783  physics_loss=0.0244  trajectory_loss=0.0408  val_loss=0.4953  val_loss_smoothed=0.4878  learning_rate=0.000064
  epoch 120/500  data_loss=0.2781  physics_loss=0.0244  trajectory_loss=0.0416  val_loss=0.4814  val_loss_smoothed=0.4842  learning_rate=0.000051
  epoch 130/500  data_loss=0.2776  physics_loss=0.0245  trajectory_loss=0.0416  val_loss=0.4895  val_loss_smoothed=0.4882  learning_rate=0.000051
  Early stopping at epoch 133 (no val_loss improvement for 40 epochs).
  Trained for 133 epochs in 438.7s. best_val_loss=0.478521  final: data_loss=0.277496  physics_loss=0.024759  trajectory_loss=0.041913
  Saved checkpoint + scalers + history -> /home/s2887183/forest_diss/outputs/temporal/pinn_noenv_pw0.1_tw0.1/6survey
  Next step: python -m models.pinn_noenv.evaluate_pinn_noenv --cohort 6survey --split-type temporal --run-name pinn_noenv_pw0.1_tw0.1

===== Summary: best validation loss reached =====
  6survey: best_val_loss=0.478521
--- PINN job end ---
