--- PINN job start ---
Node: saxa.inf.ed.ac.uk
Cohort: 4survey
Max epochs: 500
Patience: 40
Split type: spatial_block
Physics weight: 0.5
Trajectory weight: 0.5
Run name: pinn_noenv_pw0.5_tw0.5
===== 4survey (pinn_noenv_pw0.5_tw0.5, spatial_block) — FIT ONLY, no test-set evaluation =====
  Using device: cuda
  Frozen CR params: y_max=53.4909, k=0.010990, p=0.858848
  Rows before filtering: 287,064
  Removed by Age < 30 at the 2023 survey (whole plot dropped): 54,616 rows
  Removed by yield class between 2 and 50: 0 rows
  Rows after filtering: 232,448
  Buffer: 2,179 train plots are within 60 m of a val/test plot and are excluded ('buffer'). val/test plots are never removed.
  ----- Pre-training diagnostic: 4survey -----
  Training plots (unique identification): 32,425
  Test plots (unique identification): 11,743
  Training plots with at least one usable trajectory pair: 32,425
  annual_height99_increment across training pairs: mean=0.5214 m/yr, std=0.7591 m/yr
  Training rows by survey year:
    2008: 32,425 rows
    2012: 32,425 rows
    2021: 32,425 rows
    2023: 32,425 rows

  epoch 1/500  data_loss=0.4005  physics_loss=0.0160  trajectory_loss=0.0551  val_loss=0.3187  val_loss_smoothed=0.3187  learning_rate=0.000100 (new best)
  epoch 10/500  data_loss=0.3291  physics_loss=0.0084  trajectory_loss=0.0505  val_loss=0.3277  val_loss_smoothed=0.3242  learning_rate=0.000100
  epoch 20/500  data_loss=0.3227  physics_loss=0.0096  trajectory_loss=0.0500  val_loss=0.3273  val_loss_smoothed=0.3277  learning_rate=0.000100
  epoch 30/500  data_loss=0.3201  physics_loss=0.0103  trajectory_loss=0.0495  val_loss=0.3187  val_loss_smoothed=0.3235  learning_rate=0.000080
  epoch 40/500  data_loss=0.3181  physics_loss=0.0106  trajectory_loss=0.0492  val_loss=0.3248  val_loss_smoothed=0.3266  learning_rate=0.000064
  Early stopping at epoch 41 (no val_loss improvement for 40 epochs).
  Trained for 41 epochs in 594.5s. best_val_loss=0.318712  final: data_loss=0.318108  physics_loss=0.010718  trajectory_loss=0.049451
  Saved checkpoint + scalers + history -> /home/s2887183/forest_diss/outputs/spatial_block/pinn_noenv_pw0.5_tw0.5/4survey
  Next step: python -m models.pinn_noenv.evaluate_pinn_noenv --cohort 4survey --split-type spatial_block --run-name pinn_noenv_pw0.5_tw0.5

===== Summary: best validation loss reached =====
  4survey: best_val_loss=0.318712
--- PINN job end ---
