--- PINN job start ---
Node: opencast.inf.ed.ac.uk
Cohort: 4survey
Max epochs: 500
Patience: 40
Split type: temporal
Physics weight: 0.05
Trajectory weight: 0.05
Run name: pinn_noenv_pw0.05_tw0.05
===== 4survey (pinn_noenv_pw0.05_tw0.05, temporal) — FIT ONLY, no test-set evaluation =====
  Using device: cuda
  Frozen CR params: y_max=53.4909, k=0.010990, p=0.858848
  Rows before filtering: 287,064
  Removed by Age < 30 at the 2023 survey (whole plot dropped): 54,616 rows
  Removed by yield class between 2 and 50: 0 rows
  Rows after filtering: 232,448
  ----- Pre-training diagnostic: 4survey -----
  Training plots (unique identification): 58,112
  Test plots (unique identification): 58,112
  Training plots with at least one usable trajectory pair: 58,112
  annual_height99_increment across training pairs: mean=0.5872 m/yr, std=0.3998 m/yr
  Training rows by survey year:
    2008: 58,112 rows
    2012: 58,112 rows

  epoch 1/500  data_loss=0.3692  physics_loss=0.0294  trajectory_loss=0.0717  val_loss=0.5207  val_loss_smoothed=0.5207  learning_rate=0.000100 (new best)
  epoch 10/500  data_loss=0.2734  physics_loss=0.0467  trajectory_loss=0.0736  val_loss=0.5521  val_loss_smoothed=0.5495  learning_rate=0.000100
  epoch 20/500  data_loss=0.2667  physics_loss=0.0561  trajectory_loss=0.0773  val_loss=0.5765  val_loss_smoothed=0.5742  learning_rate=0.000080
  epoch 30/500  data_loss=0.2637  physics_loss=0.0600  trajectory_loss=0.0792  val_loss=0.5878  val_loss_smoothed=0.5811  learning_rate=0.000080
  epoch 40/500  data_loss=0.2611  physics_loss=0.0628  trajectory_loss=0.0802  val_loss=0.6058  val_loss_smoothed=0.5871  learning_rate=0.000064
  Early stopping at epoch 42 (no val_loss improvement for 40 epochs).
  Trained for 42 epochs in 703.8s. best_val_loss=0.519747  final: data_loss=0.260914  physics_loss=0.063276  trajectory_loss=0.080146
  Saved checkpoint + scalers + history -> /home/s2887183/forest_diss/outputs/temporal/pinn_noenv_pw0.05_tw0.05/4survey
  Next step: python -m models.pinn_noenv.evaluate_pinn_noenv --cohort 4survey --split-type temporal --run-name pinn_noenv_pw0.05_tw0.05

===== Summary: best validation loss reached =====
  4survey: best_val_loss=0.519747
--- PINN job end ---
