--- PINN job start ---
Node: landonia11.inf.ed.ac.uk
Cohort: 4survey
Max epochs: 500
Patience: 40
Split type: temporal
Physics weight: 5.0
Trajectory weight: 5.0
Run name: pinn_noenv_pw5.0_tw5.0
===== 4survey (pinn_noenv_pw5.0_tw5.0, temporal) — FIT ONLY, no test-set evaluation =====
  Using device: cuda
  Frozen CR params: y_max=53.4909, k=0.010990, p=0.858848
  Rows before filtering: 287,064
  Removed by Age < 30 at the 2023 survey (whole plot dropped): 54,616 rows
  Removed by yield class between 2 and 50: 0 rows
  Rows after filtering: 232,448
  ----- Pre-training diagnostic: 4survey -----
  Training plots (unique identification): 58,112
  Test plots (unique identification): 58,112
  Training plots with at least one usable trajectory pair: 58,112
  annual_height99_increment across training pairs: mean=0.5872 m/yr, std=0.3998 m/yr
  Training rows by survey year:
    2008: 58,112 rows
    2012: 58,112 rows

  epoch 1/500  data_loss=0.4205  physics_loss=0.0163  trajectory_loss=0.0151  val_loss=0.6279  val_loss_smoothed=0.6279  learning_rate=0.000100 (new best)
  epoch 10/500  data_loss=0.3490  physics_loss=0.0022  trajectory_loss=0.0040  val_loss=0.5877  val_loss_smoothed=0.6083  learning_rate=0.000100 (new best)
  epoch 20/500  data_loss=0.3434  physics_loss=0.0021  trajectory_loss=0.0040  val_loss=0.6026  val_loss_smoothed=0.5946  learning_rate=0.000100 (new best)
  epoch 30/500  data_loss=0.3414  physics_loss=0.0022  trajectory_loss=0.0039  val_loss=0.5868  val_loss_smoothed=0.5935  learning_rate=0.000100 (new best)
  epoch 40/500  data_loss=0.3379  physics_loss=0.0022  trajectory_loss=0.0039  val_loss=0.5985  val_loss_smoothed=0.5933  learning_rate=0.000080
  epoch 50/500  data_loss=0.3368  physics_loss=0.0022  trajectory_loss=0.0039  val_loss=0.5946  val_loss_smoothed=0.5899  learning_rate=0.000064
  epoch 60/500  data_loss=0.3365  physics_loss=0.0022  trajectory_loss=0.0038  val_loss=0.6069  val_loss_smoothed=0.6003  learning_rate=0.000064
  epoch 70/500  data_loss=0.3359  physics_loss=0.0023  trajectory_loss=0.0038  val_loss=0.6017  val_loss_smoothed=0.5982  learning_rate=0.000051
  epoch 80/500  data_loss=0.3359  physics_loss=0.0022  trajectory_loss=0.0038  val_loss=0.6029  val_loss_smoothed=0.6028  learning_rate=0.000051
  Early stopping at epoch 89 (no val_loss improvement for 40 epochs).
  Trained for 89 epochs in 1034.6s. best_val_loss=0.588495  final: data_loss=0.334464  physics_loss=0.002416  trajectory_loss=0.003877
  Saved checkpoint + scalers + history -> /home/s2887183/forest_diss/outputs/temporal/pinn_noenv_pw5.0_tw5.0/4survey
  Next step: python -m models.pinn_noenv.evaluate_pinn_noenv --cohort 4survey --split-type temporal --run-name pinn_noenv_pw5.0_tw5.0

===== Summary: best validation loss reached =====
  4survey: best_val_loss=0.588495
--- PINN job end ---
