--- PINN job start ---
Node: damnii10.inf.ed.ac.uk
Cohort: 6survey
Max epochs: 500
Patience: 40
Split type: temporal
Physics weight: 0.0
Trajectory weight: 0.0
Run name: pinn_noenv_pw0.0_tw0.0_seed44
Seed: 44
===== 6survey (pinn_noenv_pw0.0_tw0.0_seed44, temporal) — FIT ONLY, no test-set evaluation =====
  Using device: cpu
  Frozen CR params: y_max=46.5132, k=0.023737, p=1.162634
  Rows before filtering: 83,382
  Removed by Age < 30 at the 2023 survey (whole plot dropped): 768 rows
  Removed by yield class between 2 and 50: 0 rows
  Rows after filtering: 82,614
  ----- Pre-training diagnostic: 6survey -----
  Training plots (unique identification): 13,769
  Test plots (unique identification): 13,769
  Training plots with at least one usable trajectory pair: 13,769
  annual_height99_increment across training pairs: mean=0.5523 m/yr, std=0.3664 m/yr
  Training rows by survey year:
    2002: 13,769 rows
    2006: 13,769 rows
    2008: 13,769 rows
    2012: 13,769 rows

  epoch 1/500  data_loss=0.4461  physics_loss=0.0908  trajectory_loss=0.0971  val_loss=0.6697  val_loss_smoothed=0.6697  learning_rate=0.000100 (new best)
  epoch 10/500  data_loss=0.2930  physics_loss=0.0348  trajectory_loss=0.0682  val_loss=0.5250  val_loss_smoothed=0.5439  learning_rate=0.000100 (new best)
  epoch 20/500  data_loss=0.2854  physics_loss=0.0419  trajectory_loss=0.0770  val_loss=0.5331  val_loss_smoothed=0.5363  learning_rate=0.000100 (new best)
  epoch 30/500  data_loss=0.2817  physics_loss=0.0467  trajectory_loss=0.0825  val_loss=0.5169  val_loss_smoothed=0.5357  learning_rate=0.000100
  epoch 40/500  data_loss=0.2792  physics_loss=0.0524  trajectory_loss=0.0848  val_loss=0.5518  val_loss_smoothed=0.5467  learning_rate=0.000080
  epoch 50/500  data_loss=0.2785  physics_loss=0.0546  trajectory_loss=0.0862  val_loss=0.5454  val_loss_smoothed=0.5414  learning_rate=0.000080
  epoch 60/500  data_loss=0.2767  physics_loss=0.0589  trajectory_loss=0.0890  val_loss=0.5260  val_loss_smoothed=0.5331  learning_rate=0.000064
  Early stopping at epoch 63 (no val_loss improvement for 40 epochs).
  Trained for 63 epochs in 851.2s. best_val_loss=0.523793  final: data_loss=0.276530  physics_loss=0.058538  trajectory_loss=0.089045
  Saved checkpoint + scalers + history -> /home/s2887183/forest_diss/outputs/temporal/pinn_noenv_pw0.0_tw0.0_seed44/6survey
  Next step: python -m models.pinn_noenv.evaluate_pinn_noenv --cohort 6survey --split-type temporal --run-name pinn_noenv_pw0.0_tw0.0_seed44

===== Summary: best validation loss reached =====
  6survey: best_val_loss=0.523793
--- PINN job end ---
