--- PINN job start ---
Node: damnii08.inf.ed.ac.uk
Cohort: 4survey
Max epochs: 500
Patience: 40
Split type: temporal
Physics weight: 0.0
Trajectory weight: 0.0
Run name: pinn_noenv_pw0.0_tw0.0_seed43
Seed: 43
===== 4survey (pinn_noenv_pw0.0_tw0.0_seed43, temporal) — FIT ONLY, no test-set evaluation =====
  Using device: cuda
  Frozen CR params: y_max=53.4909, k=0.010990, p=0.858848
  Rows before filtering: 287,064
  Removed by Age < 30 at the 2023 survey (whole plot dropped): 54,616 rows
  Removed by yield class between 2 and 50: 0 rows
  Rows after filtering: 232,448
  ----- Pre-training diagnostic: 4survey -----
  Training plots (unique identification): 58,112
  Test plots (unique identification): 58,112
  Training plots with at least one usable trajectory pair: 58,112
  annual_height99_increment across training pairs: mean=0.5872 m/yr, std=0.3998 m/yr
  Training rows by survey year:
    2008: 58,112 rows
    2012: 58,112 rows

  epoch 1/500  data_loss=0.3730  physics_loss=0.0327  trajectory_loss=0.0866  val_loss=0.5050  val_loss_smoothed=0.5050  learning_rate=0.000100 (new best)
  epoch 10/500  data_loss=0.2720  physics_loss=0.0625  trajectory_loss=0.0988  val_loss=0.5657  val_loss_smoothed=0.5552  learning_rate=0.000100
  epoch 20/500  data_loss=0.2642  physics_loss=0.0928  trajectory_loss=0.1130  val_loss=0.5914  val_loss_smoothed=0.5949  learning_rate=0.000080
  epoch 30/500  data_loss=0.2597  physics_loss=0.1131  trajectory_loss=0.1211  val_loss=0.6339  val_loss_smoothed=0.6150  learning_rate=0.000080
  epoch 40/500  data_loss=0.2565  physics_loss=0.1308  trajectory_loss=0.1265  val_loss=0.6375  val_loss_smoothed=0.6395  learning_rate=0.000064
  Early stopping at epoch 41 (no val_loss improvement for 40 epochs).
  Trained for 41 epochs in 267.5s. best_val_loss=0.505031  final: data_loss=0.256593  physics_loss=0.131479  trajectory_loss=0.125708
  Saved checkpoint + scalers + history -> /home/s2887183/forest_diss/outputs/temporal/pinn_noenv_pw0.0_tw0.0_seed43/4survey
  Next step: python -m models.pinn_noenv.evaluate_pinn_noenv --cohort 4survey --split-type temporal --run-name pinn_noenv_pw0.0_tw0.0_seed43

===== Summary: best validation loss reached =====
  4survey: best_val_loss=0.505031
--- PINN job end ---
