--- PINN job start ---
Node: damnii07.inf.ed.ac.uk
Cohort: 4survey
Max epochs: 500
Patience: 40
Split type: temporal
Physics weight: 0.2
Trajectory weight: 0.2
Run name: pinn_noenv_pw0.2_tw0.2_seed43
Seed: 43
===== 4survey (pinn_noenv_pw0.2_tw0.2_seed43, temporal) — FIT ONLY, no test-set evaluation =====
  Using device: cuda
  Frozen CR params: y_max=53.4909, k=0.010990, p=0.858848
  Rows before filtering: 287,064
  Removed by Age < 30 at the 2023 survey (whole plot dropped): 54,616 rows
  Removed by yield class between 2 and 50: 0 rows
  Rows after filtering: 232,448
  ----- Pre-training diagnostic: 4survey -----
  Training plots (unique identification): 58,112
  Test plots (unique identification): 58,112
  Training plots with at least one usable trajectory pair: 58,112
  annual_height99_increment across training pairs: mean=0.5872 m/yr, std=0.3998 m/yr
  Training rows by survey year:
    2008: 58,112 rows
    2012: 58,112 rows

  epoch 1/500  data_loss=0.3746  physics_loss=0.0272  trajectory_loss=0.0561  val_loss=0.5241  val_loss_smoothed=0.5241  learning_rate=0.000100 (new best)
  epoch 10/500  data_loss=0.2803  physics_loss=0.0266  trajectory_loss=0.0481  val_loss=0.5436  val_loss_smoothed=0.5433  learning_rate=0.000100
  epoch 20/500  data_loss=0.2751  physics_loss=0.0285  trajectory_loss=0.0481  val_loss=0.5433  val_loss_smoothed=0.5514  learning_rate=0.000080
  epoch 30/500  data_loss=0.2725  physics_loss=0.0284  trajectory_loss=0.0483  val_loss=0.5556  val_loss_smoothed=0.5504  learning_rate=0.000080
  epoch 40/500  data_loss=0.2700  physics_loss=0.0296  trajectory_loss=0.0482  val_loss=0.5553  val_loss_smoothed=0.5568  learning_rate=0.000064
  Early stopping at epoch 41 (no val_loss improvement for 40 epochs).
  Trained for 41 epochs in 498.2s. best_val_loss=0.524088  final: data_loss=0.270228  physics_loss=0.029345  trajectory_loss=0.047923
  Saved checkpoint + scalers + history -> /home/s2887183/forest_diss/outputs/temporal/pinn_noenv_pw0.2_tw0.2_seed43/4survey
  Next step: python -m models.pinn_noenv.evaluate_pinn_noenv --cohort 4survey --split-type temporal --run-name pinn_noenv_pw0.2_tw0.2_seed43

===== Summary: best validation loss reached =====
  4survey: best_val_loss=0.524088
--- PINN job end ---
