--- PINN job start ---
Node: saxa.inf.ed.ac.uk
Cohort: 4survey
Max epochs: 500
Patience: 40
Split type: spatial_block
Physics weight: 0.1
Trajectory weight: 0.1
Run name: pinn_noenv_pw0.1_tw0.1
===== 4survey (pinn_noenv_pw0.1_tw0.1, spatial_block) — FIT ONLY, no test-set evaluation =====
  Using device: cuda
  Frozen CR params: y_max=53.4909, k=0.010990, p=0.858848
  Rows before filtering: 287,064
  Removed by Age < 30 at the 2023 survey (whole plot dropped): 54,616 rows
  Removed by yield class between 2 and 50: 0 rows
  Rows after filtering: 232,448
  Buffer: 2,179 train plots are within 60 m of a val/test plot and are excluded ('buffer'). val/test plots are never removed.
  ----- Pre-training diagnostic: 4survey -----
  Training plots (unique identification): 32,425
  Test plots (unique identification): 11,743
  Training plots with at least one usable trajectory pair: 32,425
  annual_height99_increment across training pairs: mean=0.5214 m/yr, std=0.7591 m/yr
  Training rows by survey year:
    2008: 32,425 rows
    2012: 32,425 rows
    2021: 32,425 rows
    2023: 32,425 rows

  epoch 1/500  data_loss=0.3809  physics_loss=0.0205  trajectory_loss=0.1369  val_loss=0.2919  val_loss_smoothed=0.2919  learning_rate=0.000100 (new best)
  epoch 10/500  data_loss=0.3014  physics_loss=0.0225  trajectory_loss=0.1486  val_loss=0.3002  val_loss_smoothed=0.2981  learning_rate=0.000100
  epoch 20/500  data_loss=0.2929  physics_loss=0.0312  trajectory_loss=0.1471  val_loss=0.3003  val_loss_smoothed=0.3017  learning_rate=0.000080
  epoch 30/500  data_loss=0.2893  physics_loss=0.0377  trajectory_loss=0.1483  val_loss=0.2975  val_loss_smoothed=0.3007  learning_rate=0.000080
  epoch 40/500  data_loss=0.2863  physics_loss=0.0421  trajectory_loss=0.1495  val_loss=0.2996  val_loss_smoothed=0.3020  learning_rate=0.000064
  Early stopping at epoch 41 (no val_loss improvement for 40 epochs).
  Trained for 41 epochs in 568.7s. best_val_loss=0.291891  final: data_loss=0.286347  physics_loss=0.042616  trajectory_loss=0.150004
  Saved checkpoint + scalers + history -> /home/s2887183/forest_diss/outputs/spatial_block/pinn_noenv_pw0.1_tw0.1/4survey
  Next step: python -m models.pinn_noenv.evaluate_pinn_noenv --cohort 4survey --split-type spatial_block --run-name pinn_noenv_pw0.1_tw0.1

===== Summary: best validation loss reached =====
  4survey: best_val_loss=0.291891
--- PINN job end ---
