Traceback (most recent call last):
  File "<frozen runpy>", line 198, in _run_module_as_main
  File "<frozen runpy>", line 88, in _run_code
  File "/home/s2887183/forest_diss/models/dnn_noenv/run_dnn_noenv.py", line 168, in <module>
    main()
  File "/home/s2887183/forest_diss/models/dnn_noenv/run_dnn_noenv.py", line 160, in main
    all_metrics[cohort] = run_for_cohort(cohort, args.max_epochs, args.patience, args.seed)
                          ^^^^^^^^^^^^^^^^^^^^^^^^^^^^^^^^^^^^^^^^^^^^^^^^^^^^^^^^^^^^^^^^^
  File "/home/s2887183/forest_diss/models/dnn_noenv/run_dnn_noenv.py", line 58, in run_for_cohort
    split_df = load_split_table(cohort, MODEL_NAME)
               ^^^^^^^^^^^^^^^^^^^^^^^^^^^^^^^^^^^^
  File "/home/s2887183/forest_diss/models/common/torch_data.py", line 64, in load_split_table
    table = load_model_table(cohort, table_name)
            ^^^^^^^^^^^^^^^^^^^^^^^^^^^^^^^^^^^^
  File "/home/s2887183/forest_diss/models/common/data.py", line 26, in load_model_table
    return pd.read_parquet(path)
           ^^^^^^^^^^^^^^^^^^^^^
  File "/home/s2887183/forest_diss/.venv/lib/python3.12/site-packages/pandas/io/parquet.py", line 671, in read_parquet
    return impl.read(
           ^^^^^^^^^^
  File "/home/s2887183/forest_diss/.venv/lib/python3.12/site-packages/pandas/io/parquet.py", line 253, in read
    path_or_handle, handles, filesystem = _get_path_or_handle(
                                          ^^^^^^^^^^^^^^^^^^^^
  File "/home/s2887183/forest_diss/.venv/lib/python3.12/site-packages/pandas/io/parquet.py", line 141, in _get_path_or_handle
    handles = get_handle(
              ^^^^^^^^^^^
  File "/home/s2887183/forest_diss/.venv/lib/python3.12/site-packages/pandas/io/common.py", line 939, in get_handle
    handle = open(handle, ioargs.mode)
             ^^^^^^^^^^^^^^^^^^^^^^^^^
FileNotFoundError: [Errno 2] No such file or directory: '/home/s2887183/forest_diss/data/processed/current_state/4survey/dnn_noenv.parquet'
