--- PINN job start ---
Node: damnii10.inf.ed.ac.uk
Cohort: 4survey
Max epochs: 500
Patience: 40
Split type: temporal
Physics weight: 0.05
Trajectory weight: 0.05
Run name: pinn_noenv_pw0.05_tw0.05_seed44
Seed: 44
===== 4survey (pinn_noenv_pw0.05_tw0.05_seed44, temporal) — FIT ONLY, no test-set evaluation =====
  Using device: cpu
  Frozen CR params: y_max=53.4909, k=0.010990, p=0.858848
  Rows before filtering: 287,064
  Removed by Age < 30 at the 2023 survey (whole plot dropped): 54,616 rows
  Removed by yield class between 2 and 50: 0 rows
  Rows after filtering: 232,448
  ----- Pre-training diagnostic: 4survey -----
  Training plots (unique identification): 58,112
  Test plots (unique identification): 58,112
  Training plots with at least one usable trajectory pair: 58,112
  annual_height99_increment across training pairs: mean=0.5872 m/yr, std=0.3998 m/yr
  Training rows by survey year:
    2008: 58,112 rows
    2012: 58,112 rows

  epoch 1/500  data_loss=0.3670  physics_loss=0.0282  trajectory_loss=0.0711  val_loss=0.5300  val_loss_smoothed=0.5300  learning_rate=0.000100 (new best)
  epoch 10/500  data_loss=0.2743  physics_loss=0.0459  trajectory_loss=0.0728  val_loss=0.5479  val_loss_smoothed=0.5487  learning_rate=0.000100
  epoch 20/500  data_loss=0.2676  physics_loss=0.0539  trajectory_loss=0.0767  val_loss=0.5626  val_loss_smoothed=0.5584  learning_rate=0.000080
  epoch 30/500  data_loss=0.2644  physics_loss=0.0584  trajectory_loss=0.0788  val_loss=0.5762  val_loss_smoothed=0.5731  learning_rate=0.000080
  epoch 40/500  data_loss=0.2622  physics_loss=0.0616  trajectory_loss=0.0797  val_loss=0.5785  val_loss_smoothed=0.5831  learning_rate=0.000064
  Early stopping at epoch 42 (no val_loss improvement for 40 epochs).
  Trained for 42 epochs in 1269.3s. best_val_loss=0.528668  final: data_loss=0.261609  physics_loss=0.062087  trajectory_loss=0.079949
  Saved checkpoint + scalers + history -> /home/s2887183/forest_diss/outputs/temporal/pinn_noenv_pw0.05_tw0.05_seed44/4survey
  Next step: python -m models.pinn_noenv.evaluate_pinn_noenv --cohort 4survey --split-type temporal --run-name pinn_noenv_pw0.05_tw0.05_seed44

===== Summary: best validation loss reached =====
  4survey: best_val_loss=0.528668
--- PINN job end ---
