--- PINN job start ---
Node: damnii08.inf.ed.ac.uk
Cohort: 6survey
Max epochs: 500
Patience: 40
Split type: spatial_block
Physics weight: 0.1
Trajectory weight: 0.1
Run name: pinn_noenv_pw0.1_tw0.1_seed43
Seed: 43
===== 6survey (pinn_noenv_pw0.1_tw0.1_seed43, spatial_block) — FIT ONLY, no test-set evaluation =====
  Using device: cuda
  Frozen CR params: y_max=46.5132, k=0.023737, p=1.162634
  Rows before filtering: 83,382
  Removed by Age < 30 at the 2023 survey (whole plot dropped): 768 rows
  Removed by yield class between 2 and 50: 0 rows
  Rows after filtering: 82,614
  Buffer: 565 train plots are within 60 m of a val/test plot and are excluded ('buffer'). val/test plots are never removed.
  ----- Pre-training diagnostic: 6survey -----
  Training plots (unique identification): 7,280
  Test plots (unique identification): 2,781
  Training plots with at least one usable trajectory pair: 7,280
  annual_height99_increment across training pairs: mean=0.6070 m/yr, std=0.5635 m/yr
  Training rows by survey year:
    2002: 7,280 rows
    2006: 7,280 rows
    2008: 7,280 rows
    2012: 7,280 rows
    2021: 7,280 rows
    2023: 7,280 rows

  epoch 1/500  data_loss=0.4463  physics_loss=0.1024  trajectory_loss=0.1364  val_loss=0.2084  val_loss_smoothed=0.2084  learning_rate=0.000100 (new best)
  epoch 10/500  data_loss=0.2400  physics_loss=0.0178  trajectory_loss=0.0644  val_loss=0.2086  val_loss_smoothed=0.2055  learning_rate=0.000100
  epoch 20/500  data_loss=0.2315  physics_loss=0.0209  trajectory_loss=0.0632  val_loss=0.2180  val_loss_smoothed=0.2136  learning_rate=0.000080
  epoch 30/500  data_loss=0.2267  physics_loss=0.0238  trajectory_loss=0.0678  val_loss=0.2245  val_loss_smoothed=0.2194  learning_rate=0.000080
  epoch 40/500  data_loss=0.2239  physics_loss=0.0254  trajectory_loss=0.0661  val_loss=0.2293  val_loss_smoothed=0.2296  learning_rate=0.000064
  Early stopping at epoch 46 (no val_loss improvement for 40 epochs).
  Trained for 46 epochs in 114.2s. best_val_loss=0.203810  final: data_loss=0.222265  physics_loss=0.026356  trajectory_loss=0.066346
  Saved checkpoint + scalers + history -> /home/s2887183/forest_diss/outputs/spatial_block/pinn_noenv_pw0.1_tw0.1_seed43/6survey
  Next step: python -m models.pinn_noenv.evaluate_pinn_noenv --cohort 6survey --split-type spatial_block --run-name pinn_noenv_pw0.1_tw0.1_seed43

===== Summary: best validation loss reached =====
  6survey: best_val_loss=0.203810
--- PINN job end ---
