--- PINN job start ---
Node: damnii07.inf.ed.ac.uk
Cohort: 4survey
Max epochs: 500
Patience: 40
Split type: spatial_block
Physics weight: 0.05
Trajectory weight: 0.05
Run name: pinn_noenv_pw0.05_tw0.05_seed43
Seed: 43
===== 4survey (pinn_noenv_pw0.05_tw0.05_seed43, spatial_block) — FIT ONLY, no test-set evaluation =====
  Using device: cuda
  Frozen CR params: y_max=53.4909, k=0.010990, p=0.858848
  Rows before filtering: 287,064
  Removed by Age < 30 at the 2023 survey (whole plot dropped): 54,616 rows
  Removed by yield class between 2 and 50: 0 rows
  Rows after filtering: 232,448
  Buffer: 2,179 train plots are within 60 m of a val/test plot and are excluded ('buffer'). val/test plots are never removed.
  ----- Pre-training diagnostic: 4survey -----
  Training plots (unique identification): 32,425
  Test plots (unique identification): 11,743
  Training plots with at least one usable trajectory pair: 32,425
  annual_height99_increment across training pairs: mean=0.5214 m/yr, std=0.7591 m/yr
  Training rows by survey year:
    2008: 32,425 rows
    2012: 32,425 rows
    2021: 32,425 rows
    2023: 32,425 rows

  epoch 1/500  data_loss=0.3814  physics_loss=0.0237  trajectory_loss=0.1768  val_loss=0.2988  val_loss_smoothed=0.2988  learning_rate=0.000100 (new best)
  epoch 10/500  data_loss=0.2985  physics_loss=0.0294  trajectory_loss=0.2054  val_loss=0.2912  val_loss_smoothed=0.2902  learning_rate=0.000100
  epoch 20/500  data_loss=0.2903  physics_loss=0.0406  trajectory_loss=0.2080  val_loss=0.2998  val_loss_smoothed=0.2974  learning_rate=0.000100
  epoch 30/500  data_loss=0.2848  physics_loss=0.0496  trajectory_loss=0.2076  val_loss=0.2930  val_loss_smoothed=0.2931  learning_rate=0.000080
  epoch 40/500  data_loss=0.2822  physics_loss=0.0573  trajectory_loss=0.2076  val_loss=0.2984  val_loss_smoothed=0.3002  learning_rate=0.000080
  epoch 50/500  data_loss=0.2800  physics_loss=0.0634  trajectory_loss=0.2073  val_loss=0.3023  val_loss_smoothed=0.2999  learning_rate=0.000064
  Early stopping at epoch 54 (no val_loss improvement for 40 epochs).
  Trained for 54 epochs in 742.1s. best_val_loss=0.288434  final: data_loss=0.279002  physics_loss=0.064840  trajectory_loss=0.208174
  Saved checkpoint + scalers + history -> /home/s2887183/forest_diss/outputs/spatial_block/pinn_noenv_pw0.05_tw0.05_seed43/4survey
  Next step: python -m models.pinn_noenv.evaluate_pinn_noenv --cohort 4survey --split-type spatial_block --run-name pinn_noenv_pw0.05_tw0.05_seed43

===== Summary: best validation loss reached =====
  4survey: best_val_loss=0.288434
--- PINN job end ---
