--- PINN job start ---
Node: damnii10.inf.ed.ac.uk
Cohort: 6survey
Max epochs: 500
Patience: 40
Split type: temporal
Physics weight: 0.2
Trajectory weight: 0.2
Run name: pinn_noenv_pw0.2_tw0.2_seed44
Seed: 44
===== 6survey (pinn_noenv_pw0.2_tw0.2_seed44, temporal) — FIT ONLY, no test-set evaluation =====
  Using device: cpu
  Frozen CR params: y_max=46.5132, k=0.023737, p=1.162634
  Rows before filtering: 83,382
  Removed by Age < 30 at the 2023 survey (whole plot dropped): 768 rows
  Removed by yield class between 2 and 50: 0 rows
  Rows after filtering: 82,614
  ----- Pre-training diagnostic: 6survey -----
  Training plots (unique identification): 13,769
  Test plots (unique identification): 13,769
  Training plots with at least one usable trajectory pair: 13,769
  annual_height99_increment across training pairs: mean=0.5523 m/yr, std=0.3664 m/yr
  Training rows by survey year:
    2002: 13,769 rows
    2006: 13,769 rows
    2008: 13,769 rows
    2012: 13,769 rows

  epoch 1/500  data_loss=0.4437  physics_loss=0.0825  trajectory_loss=0.0838  val_loss=0.6767  val_loss_smoothed=0.6767  learning_rate=0.000100 (new best)
  epoch 10/500  data_loss=0.2973  physics_loss=0.0144  trajectory_loss=0.0246  val_loss=0.5368  val_loss_smoothed=0.5518  learning_rate=0.000100 (new best)
  epoch 20/500  data_loss=0.2910  physics_loss=0.0136  trajectory_loss=0.0260  val_loss=0.5105  val_loss_smoothed=0.5126  learning_rate=0.000100 (new best)
  epoch 30/500  data_loss=0.2879  physics_loss=0.0129  trajectory_loss=0.0267  val_loss=0.4958  val_loss_smoothed=0.5021  learning_rate=0.000100
  epoch 40/500  data_loss=0.2862  physics_loss=0.0130  trajectory_loss=0.0267  val_loss=0.4976  val_loss_smoothed=0.5032  learning_rate=0.000100
  epoch 50/500  data_loss=0.2853  physics_loss=0.0131  trajectory_loss=0.0265  val_loss=0.4959  val_loss_smoothed=0.4959  learning_rate=0.000080
  epoch 60/500  data_loss=0.2841  physics_loss=0.0131  trajectory_loss=0.0267  val_loss=0.4871  val_loss_smoothed=0.4855  learning_rate=0.000080 (new best)
  epoch 70/500  data_loss=0.2836  physics_loss=0.0127  trajectory_loss=0.0277  val_loss=0.4937  val_loss_smoothed=0.4896  learning_rate=0.000080
  epoch 80/500  data_loss=0.2830  physics_loss=0.0129  trajectory_loss=0.0271  val_loss=0.4866  val_loss_smoothed=0.4923  learning_rate=0.000064
  epoch 90/500  data_loss=0.2825  physics_loss=0.0130  trajectory_loss=0.0272  val_loss=0.4961  val_loss_smoothed=0.4923  learning_rate=0.000051
  epoch 100/500  data_loss=0.2821  physics_loss=0.0136  trajectory_loss=0.0280  val_loss=0.4874  val_loss_smoothed=0.4911  learning_rate=0.000051
  Early stopping at epoch 100 (no val_loss improvement for 40 epochs).
  Trained for 100 epochs in 1276.9s. best_val_loss=0.485474  final: data_loss=0.282057  physics_loss=0.013644  trajectory_loss=0.028002
  Saved checkpoint + scalers + history -> /home/s2887183/forest_diss/outputs/temporal/pinn_noenv_pw0.2_tw0.2_seed44/6survey
  Next step: python -m models.pinn_noenv.evaluate_pinn_noenv --cohort 6survey --split-type temporal --run-name pinn_noenv_pw0.2_tw0.2_seed44

===== Summary: best validation loss reached =====
  6survey: best_val_loss=0.485474
--- PINN job end ---
