--- PINN job start ---
Node: damnii08.inf.ed.ac.uk
Cohort: 6survey
Max epochs: 500
Patience: 40
Split type: spatial_block
Physics weight: 5.0
Trajectory weight: 5.0
Run name: pinn_noenv_pw5_tw5
===== 6survey (pinn_noenv_pw5_tw5, spatial_block) — FIT ONLY, no test-set evaluation =====
  Using device: cpu
  Frozen CR params: y_max=46.5132, k=0.023737, p=1.162634
  Rows before filtering: 83,382
  Removed by Age < 30 at the 2023 survey (whole plot dropped): 768 rows
  Removed by yield class between 2 and 50: 0 rows
  Rows after filtering: 82,614
  Buffer: 565 train plots are within 60 m of a val/test plot and are excluded ('buffer'). val/test plots are never removed.
  ----- Pre-training diagnostic: 6survey -----
  Training plots (unique identification): 7,280
  Test plots (unique identification): 2,781
  Training plots with at least one usable trajectory pair: 7,280
  annual_height99_increment across training pairs: mean=0.6070 m/yr, std=0.5635 m/yr
  Training rows by survey year:
    2002: 7,280 rows
    2006: 7,280 rows
    2008: 7,280 rows
    2012: 7,280 rows
    2021: 7,280 rows
    2023: 7,280 rows

  epoch 1/500  data_loss=0.4724  physics_loss=0.0881  trajectory_loss=0.0798  val_loss=0.2196  val_loss_smoothed=0.2196  learning_rate=0.000100 (new best)
  epoch 10/500  data_loss=0.2772  physics_loss=0.0016  trajectory_loss=0.0015  val_loss=0.2226  val_loss_smoothed=0.2190  learning_rate=0.000100
  epoch 20/500  data_loss=0.2717  physics_loss=0.0014  trajectory_loss=0.0014  val_loss=0.2243  val_loss_smoothed=0.2228  learning_rate=0.000100
  epoch 30/500  data_loss=0.2679  physics_loss=0.0014  trajectory_loss=0.0014  val_loss=0.2228  val_loss_smoothed=0.2224  learning_rate=0.000080
  epoch 40/500  data_loss=0.2666  physics_loss=0.0013  trajectory_loss=0.0013  val_loss=0.2245  val_loss_smoothed=0.2220  learning_rate=0.000064
  Early stopping at epoch 49 (no val_loss improvement for 40 epochs).
  Trained for 49 epochs in 602.9s. best_val_loss=0.218250  final: data_loss=0.265570  physics_loss=0.001280  trajectory_loss=0.001356
  Saved checkpoint + scalers + history -> /home/s2887183/forest_diss/outputs/spatial_block/pinn_noenv_pw5_tw5/6survey
  Next step: python -m models.pinn_noenv.evaluate_pinn_noenv --cohort 6survey --split-type spatial_block --run-name pinn_noenv_pw5_tw5

===== Summary: best validation loss reached =====
  6survey: best_val_loss=0.218250
--- PINN job end ---
