--- PINN job start ---
Node: saxa.inf.ed.ac.uk
Cohort: 6survey
Max epochs: 500
Patience: 40
Split type: spatial_block
Physics weight: 0.5
Trajectory weight: 0.5
Run name: pinn_noenv_pw0.5_tw0.5
===== 6survey (pinn_noenv_pw0.5_tw0.5, spatial_block) — FIT ONLY, no test-set evaluation =====
  Using device: cuda
  Frozen CR params: y_max=46.5132, k=0.023737, p=1.162634
  Rows before filtering: 83,382
  Removed by Age < 30 at the 2023 survey (whole plot dropped): 768 rows
  Removed by yield class between 2 and 50: 0 rows
  Rows after filtering: 82,614
  Buffer: 565 train plots are within 60 m of a val/test plot and are excluded ('buffer'). val/test plots are never removed.
  ----- Pre-training diagnostic: 6survey -----
  Training plots (unique identification): 7,280
  Test plots (unique identification): 2,781
  Training plots with at least one usable trajectory pair: 7,280
  annual_height99_increment across training pairs: mean=0.6070 m/yr, std=0.5635 m/yr
  Training rows by survey year:
    2002: 7,280 rows
    2006: 7,280 rows
    2008: 7,280 rows
    2012: 7,280 rows
    2021: 7,280 rows
    2023: 7,280 rows

  epoch 1/500  data_loss=0.4414  physics_loss=0.0897  trajectory_loss=0.0897  val_loss=0.2122  val_loss_smoothed=0.2122  learning_rate=0.000100 (new best)
  epoch 10/500  data_loss=0.2504  physics_loss=0.0083  trajectory_loss=0.0194  val_loss=0.2070  val_loss_smoothed=0.2062  learning_rate=0.000100
  epoch 20/500  data_loss=0.2417  physics_loss=0.0092  trajectory_loss=0.0204  val_loss=0.2194  val_loss_smoothed=0.2141  learning_rate=0.000100
  epoch 30/500  data_loss=0.2373  physics_loss=0.0093  trajectory_loss=0.0204  val_loss=0.2226  val_loss_smoothed=0.2214  learning_rate=0.000080
  epoch 40/500  data_loss=0.2354  physics_loss=0.0097  trajectory_loss=0.0197  val_loss=0.2249  val_loss_smoothed=0.2232  learning_rate=0.000064
  epoch 50/500  data_loss=0.2346  physics_loss=0.0097  trajectory_loss=0.0198  val_loss=0.2239  val_loss_smoothed=0.2231  learning_rate=0.000064
  Early stopping at epoch 52 (no val_loss improvement for 40 epochs).
  Trained for 52 epochs in 246.3s. best_val_loss=0.205126  final: data_loss=0.234338  physics_loss=0.009662  trajectory_loss=0.020245
  Saved checkpoint + scalers + history -> /home/s2887183/forest_diss/outputs/spatial_block/pinn_noenv_pw0.5_tw0.5/6survey
  Next step: python -m models.pinn_noenv.evaluate_pinn_noenv --cohort 6survey --split-type spatial_block --run-name pinn_noenv_pw0.5_tw0.5

===== Summary: best validation loss reached =====
  6survey: best_val_loss=0.205126
--- PINN job end ---
