--- PINN job start ---
Node: damnii08.inf.ed.ac.uk
Cohort: 4survey
Max epochs: 500
Patience: 40
Split type: spatial_block
Physics weight: 0.0
Trajectory weight: 0.0
Run name: pinn_noenv_pw0.0_tw0.0_seed44
Seed: 44
===== 4survey (pinn_noenv_pw0.0_tw0.0_seed44, spatial_block) — FIT ONLY, no test-set evaluation =====
  Using device: cuda
  Frozen CR params: y_max=53.4909, k=0.010990, p=0.858848
  Rows before filtering: 287,064
  Removed by Age < 30 at the 2023 survey (whole plot dropped): 54,616 rows
  Removed by yield class between 2 and 50: 0 rows
  Rows after filtering: 232,448
  Buffer: 2,179 train plots are within 60 m of a val/test plot and are excluded ('buffer'). val/test plots are never removed.
  ----- Pre-training diagnostic: 4survey -----
  Training plots (unique identification): 32,425
  Test plots (unique identification): 11,743
  Training plots with at least one usable trajectory pair: 32,425
  annual_height99_increment across training pairs: mean=0.5214 m/yr, std=0.7591 m/yr
  Training rows by survey year:
    2008: 32,425 rows
    2012: 32,425 rows
    2021: 32,425 rows
    2023: 32,425 rows

  epoch 1/500  data_loss=0.3758  physics_loss=0.0240  trajectory_loss=0.2369  val_loss=0.2878  val_loss_smoothed=0.2878  learning_rate=0.000100 (new best)
  epoch 10/500  data_loss=0.2944  physics_loss=0.0442  trajectory_loss=0.3381  val_loss=0.2873  val_loss_smoothed=0.2854  learning_rate=0.000100
  epoch 20/500  data_loss=0.2836  physics_loss=0.0745  trajectory_loss=0.3669  val_loss=0.2908  val_loss_smoothed=0.2929  learning_rate=0.000080
  epoch 30/500  data_loss=0.2776  physics_loss=0.1088  trajectory_loss=0.3844  val_loss=0.2992  val_loss_smoothed=0.2965  learning_rate=0.000080
  epoch 40/500  data_loss=0.2730  physics_loss=0.1429  trajectory_loss=0.3869  val_loss=0.2965  val_loss_smoothed=0.3010  learning_rate=0.000064
  Early stopping at epoch 44 (no val_loss improvement for 40 epochs).
  Trained for 44 epochs in 311.2s. best_val_loss=0.283472  final: data_loss=0.272187  physics_loss=0.155078  trajectory_loss=0.387773
  Saved checkpoint + scalers + history -> /home/s2887183/forest_diss/outputs/spatial_block/pinn_noenv_pw0.0_tw0.0_seed44/4survey
  Next step: python -m models.pinn_noenv.evaluate_pinn_noenv --cohort 4survey --split-type spatial_block --run-name pinn_noenv_pw0.0_tw0.0_seed44

===== Summary: best validation loss reached =====
  4survey: best_val_loss=0.283472
--- PINN job end ---
