--- PINN job start ---
Node: damnii09.inf.ed.ac.uk
Cohort: 4survey
Max epochs: 500
Patience: 40
Split type: temporal
Physics weight: 0.1
Trajectory weight: 0.1
Run name: pinn_noenv_pw0.1_tw0.1
===== 4survey (pinn_noenv_pw0.1_tw0.1, temporal) — FIT ONLY, no test-set evaluation =====
  Using device: cuda
  Frozen CR params: y_max=53.4909, k=0.010990, p=0.858848
  Rows before filtering: 287,064
  Removed by Age < 30 at the 2023 survey (whole plot dropped): 54,616 rows
  Removed by yield class between 2 and 50: 0 rows
  Rows after filtering: 232,448
  ----- Pre-training diagnostic: 4survey -----
  Training plots (unique identification): 58,112
  Test plots (unique identification): 58,112
  Training plots with at least one usable trajectory pair: 58,112
  annual_height99_increment across training pairs: mean=0.5872 m/yr, std=0.3998 m/yr
  Training rows by survey year:
    2008: 58,112 rows
    2012: 58,112 rows

  epoch 1/500  data_loss=0.3695  physics_loss=0.0280  trajectory_loss=0.0636  val_loss=0.5258  val_loss_smoothed=0.5258  learning_rate=0.000100 (new best)
  epoch 10/500  data_loss=0.2758  physics_loss=0.0378  trajectory_loss=0.0611  val_loss=0.5447  val_loss_smoothed=0.5428  learning_rate=0.000100
  epoch 20/500  data_loss=0.2695  physics_loss=0.0424  trajectory_loss=0.0624  val_loss=0.5621  val_loss_smoothed=0.5591  learning_rate=0.000080
  epoch 30/500  data_loss=0.2665  physics_loss=0.0449  trajectory_loss=0.0632  val_loss=0.5689  val_loss_smoothed=0.5648  learning_rate=0.000080
  epoch 40/500  data_loss=0.2639  physics_loss=0.0466  trajectory_loss=0.0633  val_loss=0.5753  val_loss_smoothed=0.5644  learning_rate=0.000064
  Early stopping at epoch 42 (no val_loss improvement for 40 epochs).
  Trained for 42 epochs in 289.2s. best_val_loss=0.523179  final: data_loss=0.263763  physics_loss=0.046923  trajectory_loss=0.063211
  Saved checkpoint + scalers + history -> /home/s2887183/forest_diss/outputs/temporal/pinn_noenv_pw0.1_tw0.1/4survey
  Next step: python -m models.pinn_noenv.evaluate_pinn_noenv --cohort 4survey --split-type temporal --run-name pinn_noenv_pw0.1_tw0.1

===== Summary: best validation loss reached =====
  4survey: best_val_loss=0.523179
--- PINN job end ---
