--- PINN job start ---
Node: damnii11.inf.ed.ac.uk
Cohort: 6survey
Max epochs: 500
Patience: 40
Split type: spatial_block
===== 6survey (pinn_noenv, spatial_block) — FIT ONLY, no test-set evaluation =====
  Using device: cpu
  Frozen CR params: y_max=46.5132, k=0.023737, p=1.162634
  Rows before filtering: 83,382
  Removed by Age < 30 at the 2023 survey (whole plot dropped): 768 rows
  Removed by yield class between 2 and 50: 0 rows
  Rows after filtering: 82,614
  Buffer: 565 train plots are within 60 m of a val/test plot and are excluded ('buffer'). val/test plots are never removed.
  ----- Pre-training diagnostic: 6survey -----
  Training plots (unique identification): 7,280
  Test plots (unique identification): 2,781
  Training plots with at least one usable trajectory pair: 7,280
  annual_height99_increment across training pairs: mean=0.6070 m/yr, std=0.5635 m/yr
  Training rows by survey year:
    2002: 7,280 rows
    2006: 7,280 rows
    2008: 7,280 rows
    2012: 7,280 rows
    2021: 7,280 rows
    2023: 7,280 rows

  epoch 1/500  data_loss=0.4468  physics_loss=0.0885  trajectory_loss=0.0835  val_loss=0.2117  val_loss_smoothed=0.2117  learning_rate=0.000100 (new best)
  epoch 10/500  data_loss=0.2587  physics_loss=0.0049  trajectory_loss=0.0098  val_loss=0.2127  val_loss_smoothed=0.2103  learning_rate=0.000100
  epoch 20/500  data_loss=0.2509  physics_loss=0.0048  trajectory_loss=0.0099  val_loss=0.2179  val_loss_smoothed=0.2172  learning_rate=0.000100
  epoch 30/500  data_loss=0.2462  physics_loss=0.0054  trajectory_loss=0.0096  val_loss=0.2203  val_loss_smoothed=0.2200  learning_rate=0.000080
  epoch 40/500  data_loss=0.2453  physics_loss=0.0052  trajectory_loss=0.0097  val_loss=0.2219  val_loss_smoothed=0.2205  learning_rate=0.000080
  Early stopping at epoch 48 (no val_loss improvement for 40 epochs).
  Trained for 48 epochs in 677.9s. best_val_loss=0.209509  final: data_loss=0.244598  physics_loss=0.005068  trajectory_loss=0.009789
  Saved checkpoint + scalers + history -> /home/s2887183/forest_diss/outputs/spatial_block/pinn_noenv/6survey
  Next step: python -m models.pinn_noenv.evaluate_pinn_noenv --cohort 6survey --split-type spatial_block

===== Summary: best validation loss reached =====
  6survey: best_val_loss=0.209509
--- PINN job end ---
