--- PINN job start ---
Node: landonia11.inf.ed.ac.uk
Cohort: 4survey
Max epochs: 500
Patience: 40
Split type: temporal
Physics weight: 0.2
Trajectory weight: 0.2
Run name: pinn_noenv_pw0.2_tw0.2
===== 4survey (pinn_noenv_pw0.2_tw0.2, temporal) — FIT ONLY, no test-set evaluation =====
  Using device: cuda
  Frozen CR params: y_max=53.4909, k=0.010990, p=0.858848
  Rows before filtering: 287,064
  Removed by Age < 30 at the 2023 survey (whole plot dropped): 54,616 rows
  Removed by yield class between 2 and 50: 0 rows
  Rows after filtering: 232,448
  ----- Pre-training diagnostic: 4survey -----
  Training plots (unique identification): 58,112
  Test plots (unique identification): 58,112
  Training plots with at least one usable trajectory pair: 58,112
  annual_height99_increment across training pairs: mean=0.5872 m/yr, std=0.3998 m/yr
  Training rows by survey year:
    2008: 58,112 rows
    2012: 58,112 rows

  epoch 1/500  data_loss=0.3708  physics_loss=0.0261  trajectory_loss=0.0534  val_loss=0.5401  val_loss_smoothed=0.5401  learning_rate=0.000100 (new best)
  epoch 10/500  data_loss=0.2797  physics_loss=0.0280  trajectory_loss=0.0476  val_loss=0.5324  val_loss_smoothed=0.5425  learning_rate=0.000100
  epoch 20/500  data_loss=0.2747  physics_loss=0.0291  trajectory_loss=0.0480  val_loss=0.5481  val_loss_smoothed=0.5458  learning_rate=0.000100
  epoch 30/500  data_loss=0.2714  physics_loss=0.0300  trajectory_loss=0.0479  val_loss=0.5510  val_loss_smoothed=0.5500  learning_rate=0.000080
  epoch 40/500  data_loss=0.2695  physics_loss=0.0308  trajectory_loss=0.0486  val_loss=0.5574  val_loss_smoothed=0.5530  learning_rate=0.000080
  Early stopping at epoch 42 (no val_loss improvement for 40 epochs).
  Trained for 42 epochs in 493.4s. best_val_loss=0.538828  final: data_loss=0.269718  physics_loss=0.030678  trajectory_loss=0.048231
  Saved checkpoint + scalers + history -> /home/s2887183/forest_diss/outputs/temporal/pinn_noenv_pw0.2_tw0.2/4survey
  Next step: python -m models.pinn_noenv.evaluate_pinn_noenv --cohort 4survey --split-type temporal --run-name pinn_noenv_pw0.2_tw0.2

===== Summary: best validation loss reached =====
  4survey: best_val_loss=0.538828
--- PINN job end ---
