--- PINN job start ---
Node: damnii08.inf.ed.ac.uk
Cohort: 6survey
Max epochs: 500
Patience: 40
Split type: temporal
Physics weight: 0.2
Trajectory weight: 0.2
Run name: pinn_noenv_pw0.2_tw0.2_seed43
Seed: 43
===== 6survey (pinn_noenv_pw0.2_tw0.2_seed43, temporal) — FIT ONLY, no test-set evaluation =====
  Using device: cuda
  Frozen CR params: y_max=46.5132, k=0.023737, p=1.162634
  Rows before filtering: 83,382
  Removed by Age < 30 at the 2023 survey (whole plot dropped): 768 rows
  Removed by yield class between 2 and 50: 0 rows
  Rows after filtering: 82,614
  ----- Pre-training diagnostic: 6survey -----
  Training plots (unique identification): 13,769
  Test plots (unique identification): 13,769
  Training plots with at least one usable trajectory pair: 13,769
  annual_height99_increment across training pairs: mean=0.5523 m/yr, std=0.3664 m/yr
  Training rows by survey year:
    2002: 13,769 rows
    2006: 13,769 rows
    2008: 13,769 rows
    2012: 13,769 rows

  epoch 1/500  data_loss=0.4485  physics_loss=0.0879  trajectory_loss=0.0921  val_loss=0.5954  val_loss_smoothed=0.5954  learning_rate=0.000100 (new best)
  epoch 10/500  data_loss=0.2979  physics_loss=0.0144  trajectory_loss=0.0236  val_loss=0.5414  val_loss_smoothed=0.5338  learning_rate=0.000100 (new best)
  epoch 20/500  data_loss=0.2905  physics_loss=0.0141  trajectory_loss=0.0253  val_loss=0.5158  val_loss_smoothed=0.5159  learning_rate=0.000100 (new best)
  epoch 30/500  data_loss=0.2873  physics_loss=0.0141  trajectory_loss=0.0266  val_loss=0.5192  val_loss_smoothed=0.5215  learning_rate=0.000100
  epoch 40/500  data_loss=0.2855  physics_loss=0.0141  trajectory_loss=0.0266  val_loss=0.5118  val_loss_smoothed=0.5144  learning_rate=0.000080 (new best)
  epoch 50/500  data_loss=0.2851  physics_loss=0.0139  trajectory_loss=0.0275  val_loss=0.5061  val_loss_smoothed=0.5119  learning_rate=0.000064 (new best)
  epoch 60/500  data_loss=0.2844  physics_loss=0.0133  trajectory_loss=0.0271  val_loss=0.5102  val_loss_smoothed=0.5106  learning_rate=0.000064
  epoch 70/500  data_loss=0.2836  physics_loss=0.0132  trajectory_loss=0.0262  val_loss=0.5057  val_loss_smoothed=0.5120  learning_rate=0.000051
  epoch 80/500  data_loss=0.2831  physics_loss=0.0131  trajectory_loss=0.0274  val_loss=0.5267  val_loss_smoothed=0.5218  learning_rate=0.000051
  epoch 90/500  data_loss=0.2828  physics_loss=0.0131  trajectory_loss=0.0272  val_loss=0.5177  val_loss_smoothed=0.5160  learning_rate=0.000041
  epoch 100/500  data_loss=0.2824  physics_loss=0.0134  trajectory_loss=0.0272  val_loss=0.5164  val_loss_smoothed=0.5154  learning_rate=0.000033
  Early stopping at epoch 101 (no val_loss improvement for 40 epochs).
  Trained for 101 epochs in 302.5s. best_val_loss=0.509088  final: data_loss=0.282179  physics_loss=0.013174  trajectory_loss=0.027133
  Saved checkpoint + scalers + history -> /home/s2887183/forest_diss/outputs/temporal/pinn_noenv_pw0.2_tw0.2_seed43/6survey
  Next step: python -m models.pinn_noenv.evaluate_pinn_noenv --cohort 6survey --split-type temporal --run-name pinn_noenv_pw0.2_tw0.2_seed43

===== Summary: best validation loss reached =====
  6survey: best_val_loss=0.509088
--- PINN job end ---
