--- PINN job start ---
Node: damnii10.inf.ed.ac.uk
Cohort: 4survey
Max epochs: 500
Patience: 40
Split type: temporal
Physics weight: 0.0
Trajectory weight: 0.0
Run name: pinn_noenv_pw0.0_tw0.0_seed44
Seed: 44
===== 4survey (pinn_noenv_pw0.0_tw0.0_seed44, temporal) — FIT ONLY, no test-set evaluation =====
  Using device: cpu
  Frozen CR params: y_max=53.4909, k=0.010990, p=0.858848
  Rows before filtering: 287,064
  Removed by Age < 30 at the 2023 survey (whole plot dropped): 54,616 rows
  Removed by yield class between 2 and 50: 0 rows
  Rows after filtering: 232,448
  ----- Pre-training diagnostic: 4survey -----
  Training plots (unique identification): 58,112
  Test plots (unique identification): 58,112
  Training plots with at least one usable trajectory pair: 58,112
  annual_height99_increment across training pairs: mean=0.5872 m/yr, std=0.3998 m/yr
  Training rows by survey year:
    2008: 58,112 rows
    2012: 58,112 rows

  epoch 1/500  data_loss=0.3672  physics_loss=0.0298  trajectory_loss=0.0809  val_loss=0.5244  val_loss_smoothed=0.5244  learning_rate=0.000100 (new best)
  epoch 10/500  data_loss=0.2720  physics_loss=0.0671  trajectory_loss=0.0981  val_loss=0.5640  val_loss_smoothed=0.5617  learning_rate=0.000100
  epoch 20/500  data_loss=0.2648  physics_loss=0.0981  trajectory_loss=0.1115  val_loss=0.5945  val_loss_smoothed=0.5876  learning_rate=0.000080
  epoch 30/500  data_loss=0.2609  physics_loss=0.1198  trajectory_loss=0.1197  val_loss=0.6181  val_loss_smoothed=0.6126  learning_rate=0.000080
  epoch 40/500  data_loss=0.2581  physics_loss=0.1362  trajectory_loss=0.1253  val_loss=0.6322  val_loss_smoothed=0.6347  learning_rate=0.000064
  Early stopping at epoch 41 (no val_loss improvement for 40 epochs).
  Trained for 41 epochs in 1240.2s. best_val_loss=0.524407  final: data_loss=0.257848  physics_loss=0.139430  trajectory_loss=0.126211
  Saved checkpoint + scalers + history -> /home/s2887183/forest_diss/outputs/temporal/pinn_noenv_pw0.0_tw0.0_seed44/4survey
  Next step: python -m models.pinn_noenv.evaluate_pinn_noenv --cohort 4survey --split-type temporal --run-name pinn_noenv_pw0.0_tw0.0_seed44

===== Summary: best validation loss reached =====
  4survey: best_val_loss=0.524407
--- PINN job end ---
