--- PINN job start ---
Node: damnii08.inf.ed.ac.uk
Cohort: 4survey
Max epochs: 500
Patience: 40
Split type: spatial_block
Physics weight: 0.2
Trajectory weight: 0.2
Run name: pinn_noenv_pw0.2_tw0.2_seed43
Seed: 43
===== 4survey (pinn_noenv_pw0.2_tw0.2_seed43, spatial_block) — FIT ONLY, no test-set evaluation =====
  Using device: cuda
  Frozen CR params: y_max=53.4909, k=0.010990, p=0.858848
  Rows before filtering: 287,064
  Removed by Age < 30 at the 2023 survey (whole plot dropped): 54,616 rows
  Removed by yield class between 2 and 50: 0 rows
  Rows after filtering: 232,448
  Buffer: 2,179 train plots are within 60 m of a val/test plot and are excluded ('buffer'). val/test plots are never removed.
  ----- Pre-training diagnostic: 4survey -----
  Training plots (unique identification): 32,425
  Test plots (unique identification): 11,743
  Training plots with at least one usable trajectory pair: 32,425
  annual_height99_increment across training pairs: mean=0.5214 m/yr, std=0.7591 m/yr
  Training rows by survey year:
    2008: 32,425 rows
    2012: 32,425 rows
    2021: 32,425 rows
    2023: 32,425 rows

  epoch 1/500  data_loss=0.3893  physics_loss=0.0200  trajectory_loss=0.1038  val_loss=0.3128  val_loss_smoothed=0.3128  learning_rate=0.000100 (new best)
  epoch 10/500  data_loss=0.3114  physics_loss=0.0153  trajectory_loss=0.1020  val_loss=0.3072  val_loss_smoothed=0.3048  learning_rate=0.000100
  epoch 20/500  data_loss=0.3047  physics_loss=0.0186  trajectory_loss=0.1004  val_loss=0.3137  val_loss_smoothed=0.3101  learning_rate=0.000100
  epoch 30/500  data_loss=0.3011  physics_loss=0.0208  trajectory_loss=0.0989  val_loss=0.3009  val_loss_smoothed=0.3022  learning_rate=0.000080
  epoch 40/500  data_loss=0.2991  physics_loss=0.0225  trajectory_loss=0.0985  val_loss=0.3061  val_loss_smoothed=0.3090  learning_rate=0.000064
  epoch 50/500  data_loss=0.2979  physics_loss=0.0235  trajectory_loss=0.0979  val_loss=0.3121  val_loss_smoothed=0.3065  learning_rate=0.000064
  epoch 60/500  data_loss=0.2962  physics_loss=0.0246  trajectory_loss=0.0991  val_loss=0.3017  val_loss_smoothed=0.3066  learning_rate=0.000051
  Early stopping at epoch 67 (no val_loss improvement for 40 epochs).
  Trained for 67 epochs in 470.1s. best_val_loss=0.301788  final: data_loss=0.295775  physics_loss=0.025130  trajectory_loss=0.099154
  Saved checkpoint + scalers + history -> /home/s2887183/forest_diss/outputs/spatial_block/pinn_noenv_pw0.2_tw0.2_seed43/4survey
  Next step: python -m models.pinn_noenv.evaluate_pinn_noenv --cohort 4survey --split-type spatial_block --run-name pinn_noenv_pw0.2_tw0.2_seed43

===== Summary: best validation loss reached =====
  4survey: best_val_loss=0.301788
--- PINN job end ---
