--- PINN job start ---
Node: damnii11.inf.ed.ac.uk
Cohort: 4survey
Max epochs: 500
Patience: 40
Split type: spatial_block
===== 4survey (pinn_noenv, spatial_block) — FIT ONLY, no test-set evaluation =====
  Using device: cpu
  Frozen CR params: y_max=53.4909, k=0.010990, p=0.858848
  Rows before filtering: 287,064
  Removed by Age < 30 at the 2023 survey (whole plot dropped): 54,616 rows
  Removed by yield class between 2 and 50: 0 rows
  Rows after filtering: 232,448
  Buffer: 2,179 train plots are within 60 m of a val/test plot and are excluded ('buffer'). val/test plots are never removed.
  ----- Pre-training diagnostic: 4survey -----
  Training plots (unique identification): 32,425
  Test plots (unique identification): 11,743
  Training plots with at least one usable trajectory pair: 32,425
  annual_height99_increment across training pairs: mean=0.5214 m/yr, std=0.7591 m/yr
  Training rows by survey year:
    2008: 32,425 rows
    2012: 32,425 rows
    2021: 32,425 rows
    2023: 32,425 rows

  epoch 1/500  data_loss=0.4179  physics_loss=0.0141  trajectory_loss=0.0327  val_loss=0.3463  val_loss_smoothed=0.3463  learning_rate=0.000100 (new best)
  epoch 10/500  data_loss=0.3495  physics_loss=0.0048  trajectory_loss=0.0259  val_loss=0.3503  val_loss_smoothed=0.3449  learning_rate=0.000100
  epoch 20/500  data_loss=0.3427  physics_loss=0.0052  trajectory_loss=0.0255  val_loss=0.3511  val_loss_smoothed=0.3470  learning_rate=0.000100
  epoch 30/500  data_loss=0.3404  physics_loss=0.0054  trajectory_loss=0.0251  val_loss=0.3404  val_loss_smoothed=0.3436  learning_rate=0.000080
  epoch 40/500  data_loss=0.3391  physics_loss=0.0055  trajectory_loss=0.0252  val_loss=0.3544  val_loss_smoothed=0.3491  learning_rate=0.000064
  Early stopping at epoch 42 (no val_loss improvement for 40 epochs).
  Trained for 42 epochs in 1743.8s. best_val_loss=0.341512  final: data_loss=0.338670  physics_loss=0.005602  trajectory_loss=0.025218
  Saved checkpoint + scalers + history -> /home/s2887183/forest_diss/outputs/spatial_block/pinn_noenv/4survey
  Next step: python -m models.pinn_noenv.evaluate_pinn_noenv --cohort 4survey --split-type spatial_block

===== Summary: best validation loss reached =====
  4survey: best_val_loss=0.341512
--- PINN job end ---
